/home/yocozuna/Desktop/Test/TinnyLogger/Firmware/Drivers/STM32L4xx_HAL/Inc/stm32l4xx_ll_bus.h:563:22:LL_AHB2_GRP1_EnableClock	24	static
/home/yocozuna/Desktop/Test/TinnyLogger/Firmware/Drivers/STM32L4xx_HAL/Inc/stm32l4xx_ll_gpio.h:496:22:LL_GPIO_SetPinPull	40	static,ignoring_inline_asm
/home/yocozuna/Desktop/Test/TinnyLogger/Firmware/platform/Inc/platform.h:27:20:P_init_SD_SPI	72	static
/home/yocozuna/Desktop/Test/TinnyLogger/Firmware/Third_party/FatFs/source/storage.h:8:19:FLASH_disk_status	4	static
/home/yocozuna/Desktop/Test/TinnyLogger/Firmware/Third_party/FatFs/source/storage.h:9:19:FLASH_disk_initialize	4	static
/home/yocozuna/Desktop/Test/TinnyLogger/Firmware/Third_party/FatFs/source/storage.h:10:19:FLASH_disk_read	24	static
/home/yocozuna/Desktop/Test/TinnyLogger/Firmware/Third_party/FatFs/source/storage.h:11:19:FLASH_disk_write	24	static
/home/yocozuna/Desktop/Test/TinnyLogger/Firmware/Third_party/FatFs/source/storage.h:15:19:USB_disk_status	4	static
/home/yocozuna/Desktop/Test/TinnyLogger/Firmware/Third_party/FatFs/source/storage.h:16:19:USB_disk_initialize	4	static
/home/yocozuna/Desktop/Test/TinnyLogger/Firmware/Third_party/FatFs/source/storage.h:17:19:USB_disk_read	24	static
/home/yocozuna/Desktop/Test/TinnyLogger/Firmware/Third_party/FatFs/source/storage.h:18:19:USB_disk_write	24	static
/home/yocozuna/Desktop/Test/TinnyLogger/Firmware/Third_party/FatFs/source/storage.h:28:19:MMC_disk_status	8	static
/home/yocozuna/Desktop/Test/TinnyLogger/Firmware/Third_party/FatFs/source/storage.h:32:19:MMC_disk_initialize	8	static
/home/yocozuna/Desktop/Test/TinnyLogger/Firmware/Third_party/FatFs/source/storage.h:37:19:MMC_disk_read	24	static
/home/yocozuna/Desktop/Test/TinnyLogger/Firmware/Third_party/FatFs/source/storage.h:41:19:MMC_disk_write	24	static
/home/yocozuna/Desktop/Test/TinnyLogger/Firmware/Third_party/FatFs/source/diskio.c:27:9:disk_status	24	static
/home/yocozuna/Desktop/Test/TinnyLogger/Firmware/Third_party/FatFs/source/diskio.c:65:9:disk_initialize	24	static
/home/yocozuna/Desktop/Test/TinnyLogger/Firmware/Third_party/FatFs/source/diskio.c:103:9:disk_read	32	static
/home/yocozuna/Desktop/Test/TinnyLogger/Firmware/Third_party/FatFs/source/diskio.c:153:9:disk_write	32	static
/home/yocozuna/Desktop/Test/TinnyLogger/Firmware/Third_party/FatFs/source/diskio.c:202:9:disk_ioctl	24	static
