Archive member included to satisfy reference by file (symbol)

/home/yocozuna/snap/code/241/.local/share/stm32cube/bundles/gnu-tools-for-stm32/14.3.1+st.2/bin/../lib/gcc/arm-none-eabi/14.3.1/../../../../arm-none-eabi/lib/thumb/v7e-m+fp/hard/libc.a(libc_a-exit.o)
                              /home/yocozuna/snap/code/241/.local/share/stm32cube/bundles/gnu-tools-for-stm32/14.3.1+st.2/bin/../lib/gcc/arm-none-eabi/14.3.1/../../../../arm-none-eabi/lib/thumb/v7e-m+fp/hard/crt0.o (exit)
/home/yocozuna/snap/code/241/.local/share/stm32cube/bundles/gnu-tools-for-stm32/14.3.1+st.2/bin/../lib/gcc/arm-none-eabi/14.3.1/../../../../arm-none-eabi/lib/thumb/v7e-m+fp/hard/libc.a(libc_a-findfp.o)
                              /home/yocozuna/snap/code/241/.local/share/stm32cube/bundles/gnu-tools-for-stm32/14.3.1+st.2/bin/../lib/gcc/arm-none-eabi/14.3.1/../../../../arm-none-eabi/lib/thumb/v7e-m+fp/hard/libc.a(libc_a-exit.o) (__stdio_exit_handler)
/home/yocozuna/snap/code/241/.local/share/stm32cube/bundles/gnu-tools-for-stm32/14.3.1+st.2/bin/../lib/gcc/arm-none-eabi/14.3.1/../../../../arm-none-eabi/lib/thumb/v7e-m+fp/hard/libc.a(libc_a-fwalk.o)
                              /home/yocozuna/snap/code/241/.local/share/stm32cube/bundles/gnu-tools-for-stm32/14.3.1+st.2/bin/../lib/gcc/arm-none-eabi/14.3.1/../../../../arm-none-eabi/lib/thumb/v7e-m+fp/hard/libc.a(libc_a-findfp.o) (_fwalk_sglue)
/home/yocozuna/snap/code/241/.local/share/stm32cube/bundles/gnu-tools-for-stm32/14.3.1+st.2/bin/../lib/gcc/arm-none-eabi/14.3.1/../../../../arm-none-eabi/lib/thumb/v7e-m+fp/hard/libc.a(libc_a-stdio.o)
                              /home/yocozuna/snap/code/241/.local/share/stm32cube/bundles/gnu-tools-for-stm32/14.3.1+st.2/bin/../lib/gcc/arm-none-eabi/14.3.1/../../../../arm-none-eabi/lib/thumb/v7e-m+fp/hard/libc.a(libc_a-findfp.o) (__sread)
/home/yocozuna/snap/code/241/.local/share/stm32cube/bundles/gnu-tools-for-stm32/14.3.1+st.2/bin/../lib/gcc/arm-none-eabi/14.3.1/../../../../arm-none-eabi/lib/thumb/v7e-m+fp/hard/libc.a(libc_a-memset.o)
                              /home/yocozuna/snap/code/241/.local/share/stm32cube/bundles/gnu-tools-for-stm32/14.3.1+st.2/bin/../lib/gcc/arm-none-eabi/14.3.1/../../../../arm-none-eabi/lib/thumb/v7e-m+fp/hard/crt0.o (memset)
/home/yocozuna/snap/code/241/.local/share/stm32cube/bundles/gnu-tools-for-stm32/14.3.1+st.2/bin/../lib/gcc/arm-none-eabi/14.3.1/../../../../arm-none-eabi/lib/thumb/v7e-m+fp/hard/libc.a(libc_a-closer.o)
                              /home/yocozuna/snap/code/241/.local/share/stm32cube/bundles/gnu-tools-for-stm32/14.3.1+st.2/bin/../lib/gcc/arm-none-eabi/14.3.1/../../../../arm-none-eabi/lib/thumb/v7e-m+fp/hard/libc.a(libc_a-stdio.o) (_close_r)
/home/yocozuna/snap/code/241/.local/share/stm32cube/bundles/gnu-tools-for-stm32/14.3.1+st.2/bin/../lib/gcc/arm-none-eabi/14.3.1/../../../../arm-none-eabi/lib/thumb/v7e-m+fp/hard/libc.a(libc_a-reent.o)
                              /home/yocozuna/snap/code/241/.local/share/stm32cube/bundles/gnu-tools-for-stm32/14.3.1+st.2/bin/../lib/gcc/arm-none-eabi/14.3.1/../../../../arm-none-eabi/lib/thumb/v7e-m+fp/hard/libc.a(libc_a-closer.o) (errno)
/home/yocozuna/snap/code/241/.local/share/stm32cube/bundles/gnu-tools-for-stm32/14.3.1+st.2/bin/../lib/gcc/arm-none-eabi/14.3.1/../../../../arm-none-eabi/lib/thumb/v7e-m+fp/hard/libc.a(libc_a-impure.o)
                              /home/yocozuna/snap/code/241/.local/share/stm32cube/bundles/gnu-tools-for-stm32/14.3.1+st.2/bin/../lib/gcc/arm-none-eabi/14.3.1/../../../../arm-none-eabi/lib/thumb/v7e-m+fp/hard/libc.a(libc_a-reent.o) (_impure_ptr)
/home/yocozuna/snap/code/241/.local/share/stm32cube/bundles/gnu-tools-for-stm32/14.3.1+st.2/bin/../lib/gcc/arm-none-eabi/14.3.1/../../../../arm-none-eabi/lib/thumb/v7e-m+fp/hard/libc.a(libc_a-lseekr.o)
                              /home/yocozuna/snap/code/241/.local/share/stm32cube/bundles/gnu-tools-for-stm32/14.3.1+st.2/bin/../lib/gcc/arm-none-eabi/14.3.1/../../../../arm-none-eabi/lib/thumb/v7e-m+fp/hard/libc.a(libc_a-stdio.o) (_lseek_r)
/home/yocozuna/snap/code/241/.local/share/stm32cube/bundles/gnu-tools-for-stm32/14.3.1+st.2/bin/../lib/gcc/arm-none-eabi/14.3.1/../../../../arm-none-eabi/lib/thumb/v7e-m+fp/hard/libc.a(libc_a-readr.o)
                              /home/yocozuna/snap/code/241/.local/share/stm32cube/bundles/gnu-tools-for-stm32/14.3.1+st.2/bin/../lib/gcc/arm-none-eabi/14.3.1/../../../../arm-none-eabi/lib/thumb/v7e-m+fp/hard/libc.a(libc_a-stdio.o) (_read_r)
/home/yocozuna/snap/code/241/.local/share/stm32cube/bundles/gnu-tools-for-stm32/14.3.1+st.2/bin/../lib/gcc/arm-none-eabi/14.3.1/../../../../arm-none-eabi/lib/thumb/v7e-m+fp/hard/libc.a(libc_a-writer.o)
                              /home/yocozuna/snap/code/241/.local/share/stm32cube/bundles/gnu-tools-for-stm32/14.3.1+st.2/bin/../lib/gcc/arm-none-eabi/14.3.1/../../../../arm-none-eabi/lib/thumb/v7e-m+fp/hard/libc.a(libc_a-stdio.o) (_write_r)
[...]
Memory Configuration

Name             Origin             Length             Attributes
RAM              0x20000000         0x00010000         xrw
SRAM2            0x10000000         0x00004000         xrw
FLASH            0x08000000         0x00040000         xr
*default*        0x00000000         0xffffffff

Linker script and memory map

LOAD /home/yocozuna/snap/code/241/.local/share/stm32cube/bundles/gnu-tools-for-stm32/14.3.1+st.2/bin/../lib/gcc/arm-none-eabi/14.3.1/thumb/v7e-m+fp/hard/crti.o
LOAD /home/yocozuna/snap/code/241/.local/share/stm32cube/bundles/gnu-tools-for-stm32/14.3.1+st.2/bin/../lib/gcc/arm-none-eabi/14.3.1/thumb/v7e-m+fp/hard/crtbegin.o
LOAD /home/yocozuna/snap/code/241/.local/share/stm32cube/bundles/gnu-tools-for-stm32/14.3.1+st.2/bin/../lib/gcc/arm-none-eabi/14.3.1/../../../../arm-none-eabi/lib/thumb/v7e-m+fp/hard/crt0.o
START GROUP
LOAD /home/yocozuna/snap/code/241/.local/share/stm32cube/bundles/gnu-tools-for-stm32/14.3.1+st.2/bin/../lib/gcc/arm-none-eabi/14.3.1/../../../../arm-none-eabi/lib/thumb/v7e-m+fp/hard/libc.a
LOAD /home/yocozuna/snap/code/241/.local/share/stm32cube/bundles/gnu-tools-for-stm32/14.3.1+st.2/bin/../lib/gcc/arm-none-eabi/14.3.1/../../../../arm-none-eabi/lib/thumb/v7e-m+fp/hard/libm.a
LOAD /home/yocozuna/snap/code/241/.local/share/stm32cube/bundles/gnu-tools-for-stm32/14.3.1+st.2/bin/../lib/gcc/arm-none-eabi/14.3.1/../../../../arm-none-eabi/lib/thumb/v7e-m+fp/hard/libstdc++.a
LOAD /home/yocozuna/snap/code/241/.local/share/stm32cube/bundles/gnu-tools-for-stm32/14.3.1+st.2/bin/../lib/gcc/arm-none-eabi/14.3.1/../../../../arm-none-eabi/lib/thumb/v7e-m+fp/hard/libsupc++.a
END GROUP
LOAD CMakeFiles/TinnyLogger.dir/Drivers/STM32L4xx_HAL/Src/stm32l4xx_ll_adc.c.obj
LOAD CMakeFiles/TinnyLogger.dir/Drivers/STM32L4xx_HAL/Src/stm32l4xx_ll_comp.c.obj
LOAD CMakeFiles/TinnyLogger.dir/Drivers/STM32L4xx_HAL/Src/stm32l4xx_ll_crc.c.obj
LOAD CMakeFiles/TinnyLogger.dir/Drivers/STM32L4xx_HAL/Src/stm32l4xx_ll_crs.c.obj
LOAD CMakeFiles/TinnyLogger.dir/Drivers/STM32L4xx_HAL/Src/stm32l4xx_ll_dac.c.obj
LOAD CMakeFiles/TinnyLogger.dir/Drivers/STM32L4xx_HAL/Src/stm32l4xx_ll_dma.c.obj
LOAD CMakeFiles/TinnyLogger.dir/Drivers/STM32L4xx_HAL/Src/stm32l4xx_ll_dma2d.c.obj
LOAD CMakeFiles/TinnyLogger.dir/Drivers/STM32L4xx_HAL/Src/stm32l4xx_ll_exti.c.obj
LOAD CMakeFiles/TinnyLogger.dir/Drivers/STM32L4xx_HAL/Src/stm32l4xx_ll_gpio.c.obj
LOAD CMakeFiles/TinnyLogger.dir/Drivers/STM32L4xx_HAL/Src/stm32l4xx_ll_i2c.c.obj
LOAD CMakeFiles/TinnyLogger.dir/Drivers/STM32L4xx_HAL/Src/stm32l4xx_ll_lptim.c.obj
LOAD CMakeFiles/TinnyLogger.dir/Drivers/STM32L4xx_HAL/Src/stm32l4xx_ll_lpuart.c.obj
LOAD CMakeFiles/TinnyLogger.dir/Drivers/STM32L4xx_HAL/Src/stm32l4xx_ll_opamp.c.obj
LOAD CMakeFiles/TinnyLogger.dir/Drivers/STM32L4xx_HAL/Src/stm32l4xx_ll_pka.c.obj
LOAD CMakeFiles/TinnyLogger.dir/Drivers/STM32L4xx_HAL/Src/stm32l4xx_ll_pwr.c.obj
LOAD CMakeFiles/TinnyLogger.dir/Drivers/STM32L4xx_HAL/Src/stm32l4xx_ll_rcc.c.obj
LOAD CMakeFiles/TinnyLogger.dir/Drivers/STM32L4xx_HAL/Src/stm32l4xx_ll_rng.c.obj
LOAD CMakeFiles/TinnyLogger.dir/Drivers/STM32L4xx_HAL/Src/stm32l4xx_ll_rtc.c.obj
LOAD CMakeFiles/TinnyLogger.dir/Drivers/STM32L4xx_HAL/Src/stm32l4xx_ll_spi.c.obj
LOAD CMakeFiles/TinnyLogger.dir/Drivers/STM32L4xx_HAL/Src/stm32l4xx_ll_swpmi.c.obj
LOAD CMakeFiles/TinnyLogger.dir/Drivers/STM32L4xx_HAL/Src/stm32l4xx_ll_tim.c.obj
LOAD CMakeFiles/TinnyLogger.dir/Drivers/STM32L4xx_HAL/Src/stm32l4xx_ll_usart.c.obj
LOAD CMakeFiles/TinnyLogger.dir/Drivers/STM32L4xx_HAL/Src/stm32l4xx_ll_utils.c.obj
LOAD CMakeFiles/TinnyLogger.dir/platform/Src/consoler_fs_backend.c.obj
LOAD CMakeFiles/TinnyLogger.dir/platform/Src/fat_fs_backend.c.obj
LOAD CMakeFiles/TinnyLogger.dir/platform/Src/i2c.c.obj
LOAD CMakeFiles/TinnyLogger.dir/platform/Src/spi.c.obj
LOAD CMakeFiles/TinnyLogger.dir/platform/Src/time.c.obj
LOAD CMakeFiles/TinnyLogger.dir/platform/Src/uart.c.obj
LOAD CMakeFiles/TinnyLogger.dir/Third_party/FatFs/source/diskio.c.obj
LOAD CMakeFiles/TinnyLogger.dir/Third_party/FatFs/source/ff.c.obj
LOAD CMakeFiles/TinnyLogger.dir/Third_party/FatFs/source/ffsystem.c.obj
LOAD CMakeFiles/TinnyLogger.dir/Third_party/FatFs/source/ffunicode.c.obj
LOAD CMakeFiles/TinnyLogger.dir/Src/main.c.obj
LOAD CMakeFiles/TinnyLogger.dir/Src/sd_card.c.obj
LOAD CMakeFiles/TinnyLogger.dir/Src/logger.c.obj
LOAD CMakeFiles/TinnyLogger.dir/Src/stm32l4xx_it.c.obj
LOAD CMakeFiles/TinnyLogger.dir/Src/sysmem.c.obj
LOAD CMakeFiles/TinnyLogger.dir/Src/system_stm32l4xx.c.obj
LOAD CMakeFiles/TinnyLogger.dir/Sensors/AHT20/Src/AHT20.c.obj
LOAD CMakeFiles/TinnyLogger.dir/Sensors/AHT20/Src/itf_AHT20.c.obj
LOAD CMakeFiles/TinnyLogger.dir/Src/syscall.c.obj
LOAD CMakeFiles/TinnyLogger.dir/Src/startup_stm32l432xx.S.obj
START GROUP
LOAD /home/yocozuna/snap/code/241/.local/share/stm32cube/bundles/gnu-tools-for-stm32/14.3.1+st.2/bin/../lib/gcc/arm-none-eabi/14.3.1/thumb/v7e-m+fp/hard/libgcc.a
LOAD /home/yocozuna/snap/code/241/.local/share/stm32cube/bundles/gnu-tools-for-stm32/14.3.1+st.2/bin/../lib/gcc/arm-none-eabi/14.3.1/../../../../arm-none-eabi/lib/thumb/v7e-m+fp/hard/libg.a
LOAD /home/yocozuna/snap/code/241/.local/share/stm32cube/bundles/gnu-tools-for-stm32/14.3.1+st.2/bin/../lib/gcc/arm-none-eabi/14.3.1/../../../../arm-none-eabi/lib/thumb/v7e-m+fp/hard/libc.a
END GROUP
START GROUP
LOAD /home/yocozuna/snap/code/241/.local/share/stm32cube/bundles/gnu-tools-for-stm32/14.3.1+st.2/bin/../lib/gcc/arm-none-eabi/14.3.1/thumb/v7e-m+fp/hard/libgcc.a
LOAD /home/yocozuna/snap/code/241/.local/share/stm32cube/bundles/gnu-tools-for-stm32/14.3.1+st.2/bin/../lib/gcc/arm-none-eabi/14.3.1/../../../../arm-none-eabi/lib/thumb/v7e-m+fp/hard/libc.a
LOAD /home/yocozuna/snap/code/241/.local/share/stm32cube/bundles/gnu-tools-for-stm32/14.3.1+st.2/bin/../lib/gcc/arm-none-eabi/14.3.1/../../../../arm-none-eabi/lib/thumb/v7e-m+fp/hard/libnosys.a
END GROUP
LOAD /home/yocozuna/snap/code/241/.local/share/stm32cube/bundles/gnu-tools-for-stm32/14.3.1+st.2/bin/../lib/gcc/arm-none-eabi/14.3.1/thumb/v7e-m+fp/hard/crtend.o
LOAD /home/yocozuna/snap/code/241/.local/share/stm32cube/bundles/gnu-tools-for-stm32/14.3.1+st.2/bin/../lib/gcc/arm-none-eabi/14.3.1/thumb/v7e-m+fp/hard/crtn.o
                0x20010000                        _estack = (ORIGIN (RAM) + LENGTH (RAM))
                0x00000200                        _Min_Heap_Size = 0x200
                0x00000400                        _Min_Stack_Size = 0x400

.isr_vector     0x08000000      0x194
                0x08000000                        . = ALIGN (0x4)
 *(.isr_vector)
 .isr_vector    0x08000000      0x194 CMakeFiles/TinnyLogger.dir/Src/startup_stm32l432xx.S.obj
                0x08000000                g_pfnVectors
                0x08000194                        . = ALIGN (0x4)

.text           0x080001c0     0x8e0c
                0x080001c0                        . = ALIGN (0x4)
 *(.text)
 .text          0x080001c0       0x40 /home/yocozuna/snap/code/241/.local/share/stm32cube/bundles/gnu-tools-for-stm32/14.3.1+st.2/bin/../lib/gcc/arm-none-eabi/14.3.1/thumb/v7e-m+fp/hard/crtbegin.o
 .text          0x08000200      0x378 /home/yocozuna/snap/code/241/.local/share/stm32cube/bundles/gnu-tools-for-stm32/14.3.1+st.2/bin/../lib/gcc/arm-none-eabi/14.3.1/thumb/v7e-m+fp/hard/libgcc.a(_arm_addsubdf3.o)
                0x08000200                __aeabi_drsub
                0x08000208                __aeabi_dsub
                0x08000208                __subdf3
                0x0800020c                __adddf3
                0x0800020c                __aeabi_dadd
                0x08000484                __aeabi_ui2d
                0x08000484                __floatunsidf
                0x080004a4                __floatsidf
                0x080004a4                __aeabi_i2d
                0x080004c8                __extendsfdf2
                0x080004c8                __aeabi_f2d
                0x0800050c                __aeabi_ul2d
                0x0800050c                __floatundidf
                0x0800051c                __floatdidf
                0x0800051c                __aeabi_l2d
 .text          0x08000578      0x134 /home/yocozuna/snap/code/241/.local/share/stm32cube/bundles/gnu-tools-for-stm32/14.3.1+st.2/bin/../lib/gcc/arm-none-eabi/14.3.1/../../../../arm-none-eabi/lib/thumb/v7e-m+fp/hard/libg.a(libc_a-memcpy.o)
                0x08000578                memcpy
 *fill*         0x080006ac       0x14 
 .text          0x080006c0       0xd8 /home/yocozuna/snap/code/241/.local/share/stm32cube/bundles/gnu-tools-for-stm32/14.3.1+st.2/bin/../lib/gcc/arm-none-eabi/14.3.1/../../../../arm-none-eabi/lib/thumb/v7e-m+fp/hard/libg.a(libc_a-strlen.o)
                0x080006c0                strlen
 *fill*         0x08000798        0x8 
 .text          0x080007a0       0xa0 /home/yocozuna/snap/code/241/.local/share/stm32cube/bundles/gnu-tools-for-stm32/14.3.1+st.2/bin/../lib/gcc/arm-none-eabi/14.3.1/../../../../arm-none-eabi/lib/thumb/v7e-m+fp/hard/libg.a(libc_a-memchr.o)
                0x080007a0                memchr
 .text          0x08000840      0x424 /home/yocozuna/snap/code/241/.local/share/stm32cube/bundles/gnu-tools-for-stm32/14.3.1+st.2/bin/../lib/gcc/arm-none-eabi/14.3.1/thumb/v7e-m+fp/hard/libgcc.a(_arm_muldivdf3.o)
                0x08000840                __aeabi_dmul
                0x08000840                __muldf3
                0x08000a94                __aeabi_ddiv
                0x08000a94                __divdf3
 .text          0x08000c64      0x110 /home/yocozuna/snap/code/241/.local/share/stm32cube/bundles/gnu-tools-for-stm32/14.3.1+st.2/bin/../lib/gcc/arm-none-eabi/14.3.1/thumb/v7e-m+fp/hard/libgcc.a(_arm_cmpdf2.o)
                0x08000c64                __gtdf2
                0x08000c64                __gedf2
                0x08000c6c                __ltdf2
                0x08000c6c                __ledf2
                0x08000c74                __cmpdf2
                0x08000c74                __eqdf2
                0x08000c74                __nedf2
                0x08000cf0                __aeabi_cdrcmple
                0x08000d00                __aeabi_cdcmple
                0x08000d00                __aeabi_cdcmpeq
                0x08000d10                __aeabi_dcmpeq
                0x08000d24                __aeabi_dcmplt
                0x08000d38                __aeabi_dcmple
                0x08000d4c                __aeabi_dcmpge
                0x08000d60                __aeabi_dcmpgt
 .text          0x08000d74       0x2c /home/yocozuna/snap/code/241/.local/share/stm32cube/bundles/gnu-tools-for-stm32/14.3.1+st.2/bin/../lib/gcc/arm-none-eabi/14.3.1/thumb/v7e-m+fp/hard/libgcc.a(_arm_unorddf2.o)
                0x08000d74                __aeabi_dcmpun
                0x08000d74                __unorddf2
 .text          0x08000da0       0x50 /home/yocozuna/snap/code/241/.local/share/stm32cube/bundles/gnu-tools-for-stm32/14.3.1+st.2/bin/../lib/gcc/arm-none-eabi/14.3.1/thumb/v7e-m+fp/hard/libgcc.a(_arm_fixdfsi.o)
                0x08000da0                __fixdfsi
                0x08000da0                __aeabi_d2iz
 *(.text*)
 .text.stdio_exit_handler
                0x08000df0       0x18 /home/yocozuna/snap/code/241/.local/share/stm32cube/bundles/gnu-tools-for-stm32/14.3.1+st.2/bin/../lib/gcc/arm-none-eabi/14.3.1/../../../../arm-none-eabi/lib/thumb/v7e-m+fp/hard/libc.a(libc_a-findfp.o)
 .text.cleanup_stdio
                0x08000e08       0x40 /home/yocozuna/snap/code/241/.local/share/stm32cube/bundles/gnu-tools-for-stm32/14.3.1+st.2/bin/../lib/gcc/arm-none-eabi/14.3.1/../../../../arm-none-eabi/lib/thumb/v7e-m+fp/hard/libc.a(libc_a-findfp.o)
 .text.global_stdio_init.part.0
                0x08000e48       0xf0 /home/yocozuna/snap/code/241/.local/share/stm32cube/bundles/gnu-tools-for-stm32/14.3.1+st.2/bin/../lib/gcc/arm-none-eabi/14.3.1/../../../../arm-none-eabi/lib/thumb/v7e-m+fp/hard/libc.a(libc_a-findfp.o)
 .text.__sinit  0x08000f38       0x3c /home/yocozuna/snap/code/241/.local/share/stm32cube/bundles/gnu-tools-for-stm32/14.3.1+st.2/bin/../lib/gcc/arm-none-eabi/14.3.1/../../../../arm-none-eabi/lib/thumb/v7e-m+fp/hard/libc.a(libc_a-findfp.o)
                0x08000f38                __sinit
 .text.__sfp_lock_acquire
                0x08000f74        0xc /home/yocozuna/snap/code/241/.local/share/stm32cube/bundles/gnu-tools-for-stm32/14.3.1+st.2/bin/../lib/gcc/arm-none-eabi/14.3.1/../../../../arm-none-eabi/lib/thumb/v7e-m+fp/hard/libc.a(libc_a-findfp.o)
                0x08000f74                __sfp_lock_acquire
 .text.__sfp_lock_release
                0x08000f80        0xc /home/yocozuna/snap/code/241/.local/share/stm32cube/bundles/gnu-tools-for-stm32/14.3.1+st.2/bin/../lib/gcc/arm-none-eabi/14.3.1/../../../../arm-none-eabi/lib/thumb/v7e-m+fp/hard/libc.a(libc_a-findfp.o)
                0x08000f80                __sfp_lock_release
 .text._fwalk_sglue
                0x08000f8c       0x44 /home/yocozuna/snap/code/241/.local/share/stm32cube/bundles/gnu-tools-for-stm32/14.3.1+st.2/bin/../lib/gcc/arm-none-eabi/14.3.1/../../../../arm-none-eabi/lib/thumb/v7e-m+fp/hard/libc.a(libc_a-fwalk.o)
                0x08000f8c                _fwalk_sglue
 .text.__sread  0x08000fd0       0x24 /home/yocozuna/snap/code/241/.local/share/stm32cube/bundles/gnu-tools-for-stm32/14.3.1+st.2/bin/../lib/gcc/arm-none-eabi/14.3.1/../../../../arm-none-eabi/lib/thumb/v7e-m+fp/hard/libc.a(libc_a-stdio.o)
                0x08000fd0                __sread
 .text.__swrite
                0x08000ff4       0x40 /home/yocozuna/snap/code/241/.local/share/stm32cube/bundles/gnu-tools-for-stm32/14.3.1+st.2/bin/../lib/gcc/arm-none-eabi/14.3.1/../../../../arm-none-eabi/lib/thumb/v7e-m+fp/hard/libc.a(libc_a-stdio.o)
                0x08000ff4                __swrite
 .text.__sseek  0x08001034       0x24 /home/yocozuna/snap/code/241/.local/share/stm32cube/bundles/gnu-tools-for-stm32/14.3.1+st.2/bin/../lib/gcc/arm-none-eabi/14.3.1/../../../../arm-none-eabi/lib/thumb/v7e-m+fp/hard/libc.a(libc_a-stdio.o)
                0x08001034                __sseek
 .text.__sclose
                0x08001058        0x8 /home/yocozuna/snap/code/241/.local/share/stm32cube/bundles/gnu-tools-for-stm32/14.3.1+st.2/bin/../lib/gcc/arm-none-eabi/14.3.1/../../../../arm-none-eabi/lib/thumb/v7e-m+fp/hard/libc.a(libc_a-stdio.o)
                0x08001058                __sclose
 .text.memset   0x08001060       0x9c /home/yocozuna/snap/code/241/.local/share/stm32cube/bundles/gnu-tools-for-stm32/14.3.1+st.2/bin/../lib/gcc/arm-none-eabi/14.3.1/../../../../arm-none-eabi/lib/thumb/v7e-m+fp/hard/libc.a(libc_a-memset.o)
                0x08001060                memset
 .text._close_r
                0x080010fc       0x24 /home/yocozuna/snap/code/241/.local/share/stm32cube/bundles/gnu-tools-for-stm32/14.3.1+st.2/bin/../lib/gcc/arm-none-eabi/14.3.1/../../../../arm-none-eabi/lib/thumb/v7e-m+fp/hard/libc.a(libc_a-closer.o)
                0x080010fc                _close_r
 .text._lseek_r
                0x08001120       0x2c /home/yocozuna/snap/code/241/.local/share/stm32cube/bundles/gnu-tools-for-stm32/14.3.1+st.2/bin/../lib/gcc/arm-none-eabi/14.3.1/../../../../arm-none-eabi/lib/thumb/v7e-m+fp/hard/libc.a(libc_a-lseekr.o)
                0x08001120                _lseek_r
 .text._read_r  0x0800114c       0x2c /home/yocozuna/snap/code/241/.local/share/stm32cube/bundles/gnu-tools-for-stm32/14.3.1+st.2/bin/../lib/gcc/arm-none-eabi/14.3.1/../../../../arm-none-eabi/lib/thumb/v7e-m+fp/hard/libc.a(libc_a-readr.o)
                0x0800114c                _read_r
 .text._write_r
                0x08001178       0x2c /home/yocozuna/snap/code/241/.local/share/stm32cube/bundles/gnu-tools-for-stm32/14.3.1+st.2/bin/../lib/gcc/arm-none-eabi/14.3.1/../../../../arm-none-eabi/lib/thumb/v7e-m+fp/hard/libc.a(libc_a-writer.o)
                0x08001178                _write_r
 .text.__libc_init_array
                0x080011a4       0x50 /home/yocozuna/snap/code/241/.local/share/stm32cube/bundles/gnu-tools-for-stm32/14.3.1+st.2/bin/../lib/gcc/arm-none-eabi/14.3.1/../../../../arm-none-eabi/lib/thumb/v7e-m+fp/hard/libc.a(libc_a-init.o)
                0x080011a4                __libc_init_array
 .text.__retarget_lock_init_recursive
                0x080011f4        0x4 /home/yocozuna/snap/code/241/.local/share/stm32cube/bundles/gnu-tools-for-stm32/14.3.1+st.2/bin/../lib/gcc/arm-none-eabi/14.3.1/../../../../arm-none-eabi/lib/thumb/v7e-m+fp/hard/libc.a(libc_a-lock.o)
                0x080011f4                __retarget_lock_init_recursive
 .text.__retarget_lock_close_recursive
                0x080011f8        0x4 /home/yocozuna/snap/code/241/.local/share/stm32cube/bundles/gnu-tools-for-stm32/14.3.1+st.2/bin/../lib/gcc/arm-none-eabi/14.3.1/../../../../arm-none-eabi/lib/thumb/v7e-m+fp/hard/libc.a(libc_a-lock.o)
                0x080011f8                __retarget_lock_close_recursive
 .text.__retarget_lock_acquire_recursive
                0x080011fc        0x4 /home/yocozuna/snap/code/241/.local/share/stm32cube/bundles/gnu-tools-for-stm32/14.3.1+st.2/bin/../lib/gcc/arm-none-eabi/14.3.1/../../../../arm-none-eabi/lib/thumb/v7e-m+fp/hard/libc.a(libc_a-lock.o)
                0x080011fc                __retarget_lock_acquire_recursive
 .text.__retarget_lock_release_recursive
                0x08001200        0x4 /home/yocozuna/snap/code/241/.local/share/stm32cube/bundles/gnu-tools-for-stm32/14.3.1+st.2/bin/../lib/gcc/arm-none-eabi/14.3.1/../../../../arm-none-eabi/lib/thumb/v7e-m+fp/hard/libc.a(libc_a-lock.o)
                0x08001200                __retarget_lock_release_recursive
 .text.startup.register_fini
                0x08001204       0x14 /home/yocozuna/snap/code/241/.local/share/stm32cube/bundles/gnu-tools-for-stm32/14.3.1+st.2/bin/../lib/gcc/arm-none-eabi/14.3.1/../../../../arm-none-eabi/lib/thumb/v7e-m+fp/hard/libc.a(libc_a-__call_atexit.o)
 .text.atexit   0x08001218        0xc /home/yocozuna/snap/code/241/.local/share/stm32cube/bundles/gnu-tools-for-stm32/14.3.1+st.2/bin/../lib/gcc/arm-none-eabi/14.3.1/../../../../arm-none-eabi/lib/thumb/v7e-m+fp/hard/libc.a(libc_a-atexit.o)
                0x08001218                atexit
 .text._malloc_trim_r
                0x08001224       0xb8 /home/yocozuna/snap/code/241/.local/share/stm32cube/bundles/gnu-tools-for-stm32/14.3.1+st.2/bin/../lib/gcc/arm-none-eabi/14.3.1/../../../../arm-none-eabi/lib/thumb/v7e-m+fp/hard/libc.a(libc_a-freer.o)
                0x08001224                _malloc_trim_r
 .text._free_r  0x080012dc      0x1f0 /home/yocozuna/snap/code/241/.local/share/stm32cube/bundles/gnu-tools-for-stm32/14.3.1+st.2/bin/../lib/gcc/arm-none-eabi/14.3.1/../../../../arm-none-eabi/lib/thumb/v7e-m+fp/hard/libc.a(libc_a-freer.o)
                0x080012dc                _free_r
 .text._malloc_r
                0x080014cc      0x598 /home/yocozuna/snap/code/241/.local/share/stm32cube/bundles/gnu-tools-for-stm32/14.3.1+st.2/bin/../lib/gcc/arm-none-eabi/14.3.1/../../../../arm-none-eabi/lib/thumb/v7e-m+fp/hard/libc.a(libc_a-mallocr.o)
                0x080014cc                _malloc_r
 .text.__malloc_lock
                0x08001a64        0xc /home/yocozuna/snap/code/241/.local/share/stm32cube/bundles/gnu-tools-for-stm32/14.3.1+st.2/bin/../lib/gcc/arm-none-eabi/14.3.1/../../../../arm-none-eabi/lib/thumb/v7e-m+fp/hard/libc.a(libc_a-mlock.o)
                0x08001a64                __malloc_lock
 .text.__malloc_unlock
                0x08001a70        0xc /home/yocozuna/snap/code/241/.local/share/stm32cube/bundles/gnu-tools-for-stm32/14.3.1+st.2/bin/../lib/gcc/arm-none-eabi/14.3.1/../../../../arm-none-eabi/lib/thumb/v7e-m+fp/hard/libc.a(libc_a-mlock.o)
                0x08001a70                __malloc_unlock
 .text._fclose_r
                0x08001a7c       0xc0 /home/yocozuna/snap/code/241/.local/share/stm32cube/bundles/gnu-tools-for-stm32/14.3.1+st.2/bin/../lib/gcc/arm-none-eabi/14.3.1/../../../../arm-none-eabi/lib/thumb/v7e-m+fp/hard/libc.a(libc_a-fclose.o)
                0x08001a7c                _fclose_r
 .text.__sflush_r
                0x08001b3c      0x138 /home/yocozuna/snap/code/241/.local/share/stm32cube/bundles/gnu-tools-for-stm32/14.3.1+st.2/bin/../lib/gcc/arm-none-eabi/14.3.1/../../../../arm-none-eabi/lib/thumb/v7e-m+fp/hard/libc.a(libc_a-fflush.o)
                0x08001b3c                __sflush_r
 .text._fflush_r
                0x08001c74       0x54 /home/yocozuna/snap/code/241/.local/share/stm32cube/bundles/gnu-tools-for-stm32/14.3.1+st.2/bin/../lib/gcc/arm-none-eabi/14.3.1/../../../../arm-none-eabi/lib/thumb/v7e-m+fp/hard/libc.a(libc_a-fflush.o)
                0x08001c74                _fflush_r
 .text._sbrk_r  0x08001cc8       0x24 /home/yocozuna/snap/code/241/.local/share/stm32cube/bundles/gnu-tools-for-stm32/14.3.1+st.2/bin/../lib/gcc/arm-none-eabi/14.3.1/../../../../arm-none-eabi/lib/thumb/v7e-m+fp/hard/libc.a(libc_a-sbrkr.o)
                0x08001cc8                _sbrk_r
 .text.__libc_fini_array
                0x08001cec       0x28 /home/yocozuna/snap/code/241/.local/share/stm32cube/bundles/gnu-tools-for-stm32/14.3.1+st.2/bin/../lib/gcc/arm-none-eabi/14.3.1/../../../../arm-none-eabi/lib/thumb/v7e-m+fp/hard/libc.a(libc_a-fini.o)
                0x08001cec                __libc_fini_array
 .text.sysconf  0x08001d14       0x1c /home/yocozuna/snap/code/241/.local/share/stm32cube/bundles/gnu-tools-for-stm32/14.3.1+st.2/bin/../lib/gcc/arm-none-eabi/14.3.1/../../../../arm-none-eabi/lib/thumb/v7e-m+fp/hard/libc.a(libc_a-sysconf.o)
                0x08001d14                sysconf
 .text.__register_exitproc
                0x08001d30       0x80 /home/yocozuna/snap/code/241/.local/share/stm32cube/bundles/gnu-tools-for-stm32/14.3.1+st.2/bin/../lib/gcc/arm-none-eabi/14.3.1/../../../../arm-none-eabi/lib/thumb/v7e-m+fp/hard/libc.a(libc_a-__atexit.o)
                0x08001d30                __register_exitproc
 .text.__errno  0x08001db0        0xc /home/yocozuna/snap/code/241/.local/share/stm32cube/bundles/gnu-tools-for-stm32/14.3.1+st.2/bin/../lib/gcc/arm-none-eabi/14.3.1/../../../../arm-none-eabi/lib/thumb/v7e-m+fp/hard/libc.a(libc_a-errno.o)
                0x08001db0                __errno
 .text.LL_GPIO_SetPinMode
                0x08001dbc       0x5e CMakeFiles/TinnyLogger.dir/Drivers/STM32L4xx_HAL/Src/stm32l4xx_ll_gpio.c.obj
 .text.LL_GPIO_SetPinOutputType
                0x08001e1a       0x30 CMakeFiles/TinnyLogger.dir/Drivers/STM32L4xx_HAL/Src/stm32l4xx_ll_gpio.c.obj
 .text.LL_GPIO_SetPinSpeed
                0x08001e4a       0x5e CMakeFiles/TinnyLogger.dir/Drivers/STM32L4xx_HAL/Src/stm32l4xx_ll_gpio.c.obj
 .text.LL_GPIO_SetPinPull
                0x08001ea8       0x5e CMakeFiles/TinnyLogger.dir/Drivers/STM32L4xx_HAL/Src/stm32l4xx_ll_gpio.c.obj
 .text.LL_GPIO_SetAFPin_0_7
                0x08001f06       0x5e CMakeFiles/TinnyLogger.dir/Drivers/STM32L4xx_HAL/Src/stm32l4xx_ll_gpio.c.obj
 .text.LL_GPIO_SetAFPin_8_15
                0x08001f64       0x62 CMakeFiles/TinnyLogger.dir/Drivers/STM32L4xx_HAL/Src/stm32l4xx_ll_gpio.c.obj
 .text.LL_GPIO_Init
                0x08001fc6       0xce CMakeFiles/TinnyLogger.dir/Drivers/STM32L4xx_HAL/Src/stm32l4xx_ll_gpio.c.obj
                0x08001fc6                LL_GPIO_Init
 .text.LL_I2C_Enable
                0x08002094       0x20 CMakeFiles/TinnyLogger.dir/Drivers/STM32L4xx_HAL/Src/stm32l4xx_ll_i2c.c.obj
 .text.LL_I2C_Disable
                0x080020b4       0x20 CMakeFiles/TinnyLogger.dir/Drivers/STM32L4xx_HAL/Src/stm32l4xx_ll_i2c.c.obj
 .text.LL_I2C_ConfigFilters
                0x080020d4       0x2e CMakeFiles/TinnyLogger.dir/Drivers/STM32L4xx_HAL/Src/stm32l4xx_ll_i2c.c.obj
 .text.LL_I2C_SetOwnAddress1
                0x08002102       0x30 CMakeFiles/TinnyLogger.dir/Drivers/STM32L4xx_HAL/Src/stm32l4xx_ll_i2c.c.obj
 .text.LL_I2C_EnableOwnAddress1
                0x08002132       0x20 CMakeFiles/TinnyLogger.dir/Drivers/STM32L4xx_HAL/Src/stm32l4xx_ll_i2c.c.obj
 .text.LL_I2C_DisableOwnAddress1
                0x08002152       0x20 CMakeFiles/TinnyLogger.dir/Drivers/STM32L4xx_HAL/Src/stm32l4xx_ll_i2c.c.obj
 .text.LL_I2C_SetTiming
                0x08002172       0x1c CMakeFiles/TinnyLogger.dir/Drivers/STM32L4xx_HAL/Src/stm32l4xx_ll_i2c.c.obj
 .text.LL_I2C_SetMode
                0x0800218e       0x26 CMakeFiles/TinnyLogger.dir/Drivers/STM32L4xx_HAL/Src/stm32l4xx_ll_i2c.c.obj
 .text.LL_I2C_AcknowledgeNextData
                0x080021b4       0x26 CMakeFiles/TinnyLogger.dir/Drivers/STM32L4xx_HAL/Src/stm32l4xx_ll_i2c.c.obj
 .text.LL_I2C_Init
                0x080021da       0x78 CMakeFiles/TinnyLogger.dir/Drivers/STM32L4xx_HAL/Src/stm32l4xx_ll_i2c.c.obj
                0x080021da                LL_I2C_Init
 *fill*         0x08002252        0x2 
 .text.LL_RCC_HSI_IsReady
                0x08002254       0x28 CMakeFiles/TinnyLogger.dir/Drivers/STM32L4xx_HAL/Src/stm32l4xx_ll_rcc.c.obj
 .text.LL_RCC_LSE_IsReady
                0x0800227c       0x28 CMakeFiles/TinnyLogger.dir/Drivers/STM32L4xx_HAL/Src/stm32l4xx_ll_rcc.c.obj
 .text.LL_RCC_MSI_IsEnabledRangeSelect
                0x080022a4       0x24 CMakeFiles/TinnyLogger.dir/Drivers/STM32L4xx_HAL/Src/stm32l4xx_ll_rcc.c.obj
 .text.LL_RCC_MSI_GetRange
                0x080022c8       0x1c CMakeFiles/TinnyLogger.dir/Drivers/STM32L4xx_HAL/Src/stm32l4xx_ll_rcc.c.obj
 .text.LL_RCC_MSI_GetRangeAfterStandby
                0x080022e4       0x1c CMakeFiles/TinnyLogger.dir/Drivers/STM32L4xx_HAL/Src/stm32l4xx_ll_rcc.c.obj
 .text.LL_RCC_GetSysClkSource
                0x08002300       0x1c CMakeFiles/TinnyLogger.dir/Drivers/STM32L4xx_HAL/Src/stm32l4xx_ll_rcc.c.obj
 .text.LL_RCC_GetAHBPrescaler
                0x0800231c       0x1c CMakeFiles/TinnyLogger.dir/Drivers/STM32L4xx_HAL/Src/stm32l4xx_ll_rcc.c.obj
 .text.LL_RCC_GetAPB1Prescaler
                0x08002338       0x1c CMakeFiles/TinnyLogger.dir/Drivers/STM32L4xx_HAL/Src/stm32l4xx_ll_rcc.c.obj
 .text.LL_RCC_GetAPB2Prescaler
                0x08002354       0x1c CMakeFiles/TinnyLogger.dir/Drivers/STM32L4xx_HAL/Src/stm32l4xx_ll_rcc.c.obj
 .text.LL_RCC_GetUSARTClockSource
                0x08002370       0x28 CMakeFiles/TinnyLogger.dir/Drivers/STM32L4xx_HAL/Src/stm32l4xx_ll_rcc.c.obj
 .text.LL_RCC_PLL_GetMainSource
                0x08002398       0x1c CMakeFiles/TinnyLogger.dir/Drivers/STM32L4xx_HAL/Src/stm32l4xx_ll_rcc.c.obj
 .text.LL_RCC_PLL_GetN
                0x080023b4       0x1c CMakeFiles/TinnyLogger.dir/Drivers/STM32L4xx_HAL/Src/stm32l4xx_ll_rcc.c.obj
 .text.LL_RCC_PLL_GetR
                0x080023d0       0x1c CMakeFiles/TinnyLogger.dir/Drivers/STM32L4xx_HAL/Src/stm32l4xx_ll_rcc.c.obj
 .text.LL_RCC_PLL_GetDivider
                0x080023ec       0x1c CMakeFiles/TinnyLogger.dir/Drivers/STM32L4xx_HAL/Src/stm32l4xx_ll_rcc.c.obj
 .text.LL_RCC_GetUSARTClockFreq
                0x08002408      0x134 CMakeFiles/TinnyLogger.dir/Drivers/STM32L4xx_HAL/Src/stm32l4xx_ll_rcc.c.obj
                0x08002408                LL_RCC_GetUSARTClockFreq
 .text.RCC_GetSystemClockFreq
                0x0800253c      0x120 CMakeFiles/TinnyLogger.dir/Drivers/STM32L4xx_HAL/Src/stm32l4xx_ll_rcc.c.obj
 .text.RCC_GetHCLKClockFreq
                0x0800265c       0x2c CMakeFiles/TinnyLogger.dir/Drivers/STM32L4xx_HAL/Src/stm32l4xx_ll_rcc.c.obj
 .text.RCC_GetPCLK1ClockFreq
                0x08002688       0x28 CMakeFiles/TinnyLogger.dir/Drivers/STM32L4xx_HAL/Src/stm32l4xx_ll_rcc.c.obj
 .text.RCC_GetPCLK2ClockFreq
                0x080026b0       0x28 CMakeFiles/TinnyLogger.dir/Drivers/STM32L4xx_HAL/Src/stm32l4xx_ll_rcc.c.obj
 .text.RCC_PLL_GetFreqDomain_SYS
                0x080026d8      0x118 CMakeFiles/TinnyLogger.dir/Drivers/STM32L4xx_HAL/Src/stm32l4xx_ll_rcc.c.obj
 .text.LL_SPI_IsEnabled
                0x080027f0       0x26 CMakeFiles/TinnyLogger.dir/Drivers/STM32L4xx_HAL/Src/stm32l4xx_ll_spi.c.obj
 .text.LL_SPI_SetRxFIFOThreshold
                0x08002816       0x26 CMakeFiles/TinnyLogger.dir/Drivers/STM32L4xx_HAL/Src/stm32l4xx_ll_spi.c.obj
 .text.LL_SPI_SetCRCPolynomial
                0x0800283c       0x20 CMakeFiles/TinnyLogger.dir/Drivers/STM32L4xx_HAL/Src/stm32l4xx_ll_spi.c.obj
 .text.LL_SPI_Init
                0x0800285c       0xb0 CMakeFiles/TinnyLogger.dir/Drivers/STM32L4xx_HAL/Src/stm32l4xx_ll_spi.c.obj
                0x0800285c                LL_SPI_Init
 .text.LL_USART_IsEnabled
                0x0800290c       0x26 CMakeFiles/TinnyLogger.dir/Drivers/STM32L4xx_HAL/Src/stm32l4xx_ll_usart.c.obj
 .text.LL_USART_SetStopBitsLength
                0x08002932       0x26 CMakeFiles/TinnyLogger.dir/Drivers/STM32L4xx_HAL/Src/stm32l4xx_ll_usart.c.obj
 .text.LL_USART_SetHWFlowCtrl
                0x08002958       0x26 CMakeFiles/TinnyLogger.dir/Drivers/STM32L4xx_HAL/Src/stm32l4xx_ll_usart.c.obj
 .text.LL_USART_SetBaudRate
                0x0800297e       0x6e CMakeFiles/TinnyLogger.dir/Drivers/STM32L4xx_HAL/Src/stm32l4xx_ll_usart.c.obj
 .text.LL_USART_Init
                0x080029ec       0xb4 CMakeFiles/TinnyLogger.dir/Drivers/STM32L4xx_HAL/Src/stm32l4xx_ll_usart.c.obj
                0x080029ec                LL_USART_Init
 .text.LL_InitTick
                0x08002aa0       0x34 CMakeFiles/TinnyLogger.dir/Drivers/STM32L4xx_HAL/Src/stm32l4xx_ll_utils.c.obj
 .text.LL_Init1msTick
                0x08002ad4       0x1a CMakeFiles/TinnyLogger.dir/Drivers/STM32L4xx_HAL/Src/stm32l4xx_ll_utils.c.obj
                0x08002ad4                LL_Init1msTick
 *fill*         0x08002aee        0x2 
 .text.LL_mDelay
                0x08002af0       0x50 CMakeFiles/TinnyLogger.dir/Drivers/STM32L4xx_HAL/Src/stm32l4xx_ll_utils.c.obj
                0x08002af0                LL_mDelay
 .text.LL_I2C_Enable
                0x08002b40       0x20 CMakeFiles/TinnyLogger.dir/platform/Src/i2c.c.obj
 .text.LL_I2C_Disable
                0x08002b60       0x20 CMakeFiles/TinnyLogger.dir/platform/Src/i2c.c.obj
 .text.LL_APB1_GRP1_EnableClock
                0x08002b80       0x30 CMakeFiles/TinnyLogger.dir/platform/Src/i2c.c.obj
 .text.i2c_init
                0x08002bb0       0x3c CMakeFiles/TinnyLogger.dir/platform/Src/i2c.c.obj
                0x08002bb0                i2c_init
 .text.LL_SPI_Enable
                0x08002bec       0x20 CMakeFiles/TinnyLogger.dir/platform/Src/spi.c.obj
 .text.LL_SPI_Disable
                0x08002c0c       0x20 CMakeFiles/TinnyLogger.dir/platform/Src/spi.c.obj
 .text.LL_APB1_GRP1_EnableClock
                0x08002c2c       0x30 CMakeFiles/TinnyLogger.dir/platform/Src/spi.c.obj
 .text.LL_APB2_GRP1_EnableClock
                0x08002c5c       0x30 CMakeFiles/TinnyLogger.dir/platform/Src/spi.c.obj
 .text.spi_init
                0x08002c8c       0x50 CMakeFiles/TinnyLogger.dir/platform/Src/spi.c.obj
                0x08002c8c                spi_init
 .text.LL_SYSTICK_EnableIT
                0x08002cdc       0x20 CMakeFiles/TinnyLogger.dir/platform/Src/time.c.obj
 .text.timeInit
                0x08002cfc       0x18 CMakeFiles/TinnyLogger.dir/platform/Src/time.c.obj
                0x08002cfc                timeInit
 .text.time_1ms_delay
                0x08002d14       0x16 CMakeFiles/TinnyLogger.dir/platform/Src/time.c.obj
                0x08002d14                time_1ms_delay
 *fill*         0x08002d2a        0x2 
 .text.LL_APB1_GRP1_EnableClock
                0x08002d2c       0x30 CMakeFiles/TinnyLogger.dir/platform/Src/uart.c.obj
 .text.LL_APB2_GRP1_EnableClock
                0x08002d5c       0x30 CMakeFiles/TinnyLogger.dir/platform/Src/uart.c.obj
 .text.LL_USART_Enable
                0x08002d8c       0x20 CMakeFiles/TinnyLogger.dir/platform/Src/uart.c.obj
 .text.LL_USART_IsActiveFlag_TXE
                0x08002dac       0x26 CMakeFiles/TinnyLogger.dir/platform/Src/uart.c.obj
 .text.LL_USART_TransmitData8
                0x08002dd2       0x1e CMakeFiles/TinnyLogger.dir/platform/Src/uart.c.obj
 .text.uart_init
                0x08002df0       0x4c CMakeFiles/TinnyLogger.dir/platform/Src/uart.c.obj
                0x08002df0                uart_init
 .text.uart_tx_byte
                0x08002e3c       0x2c CMakeFiles/TinnyLogger.dir/platform/Src/uart.c.obj
                0x08002e3c                uart_tx_byte
 .text.LL_AHB2_GRP1_EnableClock
                0x08002e68       0x30 CMakeFiles/TinnyLogger.dir/Src/main.c.obj
 .text.LL_GPIO_SetPinPull
                0x08002e98       0x5e CMakeFiles/TinnyLogger.dir/Src/main.c.obj
 *fill*         0x08002ef6        0x2 
 .text.P_init_SD_SPI
                0x08002ef8       0xb8 CMakeFiles/TinnyLogger.dir/Src/main.c.obj
 .text.P_init_time_base
                0x08002fb0        0xc CMakeFiles/TinnyLogger.dir/Src/main.c.obj
 .text.P_init_FPU
                0x08002fbc       0x2c CMakeFiles/TinnyLogger.dir/Src/main.c.obj
 .text.P_init_I2CX
                0x08002fe8       0x78 CMakeFiles/TinnyLogger.dir/Src/main.c.obj
 .text.P_init_UART
                0x08003060       0x98 CMakeFiles/TinnyLogger.dir/Src/main.c.obj
 .text.main     0x080030f8       0xc4 CMakeFiles/TinnyLogger.dir/Src/main.c.obj
                0x080030f8                main
 .text.SysTick_Handler
                0x080031bc       0x1c CMakeFiles/TinnyLogger.dir/Src/stm32l4xx_it.c.obj
                0x080031bc                SysTick_Handler
 .text._sbrk    0x080031d8       0x6c CMakeFiles/TinnyLogger.dir/Src/sysmem.c.obj
                0x080031d8                _sbrk
 .text.SystemInit
                0x08003244       0x64 CMakeFiles/TinnyLogger.dir/Src/system_stm32l4xx.c.obj
                0x08003244                SystemInit
 .text.getStatusRegister
                0x080032a8       0x4a CMakeFiles/TinnyLogger.dir/Sensors/AHT20/Src/AHT20.c.obj
 *fill*         0x080032f2        0x2 
 .text.calibrateSensor
                0x080032f4       0x8c CMakeFiles/TinnyLogger.dir/Sensors/AHT20/Src/AHT20.c.obj
 .text.AHT20_Create
                0x08003380       0x84 CMakeFiles/TinnyLogger.dir/Sensors/AHT20/Src/AHT20.c.obj
                0x08003380                AHT20_Create
 .text.AHT20_RegisterHooks
                0x08003404       0x52 CMakeFiles/TinnyLogger.dir/Sensors/AHT20/Src/AHT20.c.obj
                0x08003404                AHT20_RegisterHooks
 .text.AHT20_Init
                0x08003456       0x9a CMakeFiles/TinnyLogger.dir/Sensors/AHT20/Src/AHT20.c.obj
                0x08003456                AHT20_Init
 .text.AHT20_ReadTempAndHum
                0x080034f0       0x98 CMakeFiles/TinnyLogger.dir/Sensors/AHT20/Src/AHT20.c.obj
                0x080034f0                AHT20_ReadTempAndHum
 .text.AHT20_CalcTemp
                0x08003588       0x4c CMakeFiles/TinnyLogger.dir/Sensors/AHT20/Src/AHT20.c.obj
                0x08003588                AHT20_CalcTemp
 .text.AHT20_CalcTHumid
                0x080035d4       0x40 CMakeFiles/TinnyLogger.dir/Sensors/AHT20/Src/AHT20.c.obj
                0x080035d4                AHT20_CalcTHumid
 .text.itf_AHT20_delay
                0x08003614       0x16 CMakeFiles/TinnyLogger.dir/Sensors/AHT20/Src/itf_AHT20.c.obj
                0x08003614                itf_AHT20_delay
 .text.itf_AHT20_read
                0x0800362a       0x1e CMakeFiles/TinnyLogger.dir/Sensors/AHT20/Src/itf_AHT20.c.obj
                0x0800362a                itf_AHT20_read
 .text.itf_AHT20_write
                0x08003648       0x1e CMakeFiles/TinnyLogger.dir/Sensors/AHT20/Src/itf_AHT20.c.obj
                0x08003648                itf_AHT20_write
 .text._getpid  0x08003666       0x10 CMakeFiles/TinnyLogger.dir/Src/syscall.c.obj
                0x08003666                _getpid
 .text._kill    0x08003676       0x20 CMakeFiles/TinnyLogger.dir/Src/syscall.c.obj
                0x08003676                _kill
 .text._exit    0x08003696       0x16 CMakeFiles/TinnyLogger.dir/Src/syscall.c.obj
                0x08003696                _exit
 .text._read    0x080036ac       0x3a CMakeFiles/TinnyLogger.dir/Src/syscall.c.obj
                0x080036ac                _read
 .text._write   0x080036e6       0x38 CMakeFiles/TinnyLogger.dir/Src/syscall.c.obj
                0x080036e6                _write
 .text._close   0x0800371e       0x18 CMakeFiles/TinnyLogger.dir/Src/syscall.c.obj
                0x0800371e                _close
 .text._fstat   0x08003736       0x20 CMakeFiles/TinnyLogger.dir/Src/syscall.c.obj
                0x08003736                _fstat
 .text._isatty  0x08003756       0x16 CMakeFiles/TinnyLogger.dir/Src/syscall.c.obj
                0x08003756                _isatty
 .text._lseek   0x0800376c       0x1a CMakeFiles/TinnyLogger.dir/Src/syscall.c.obj
                0x0800376c                _lseek
 *fill*         0x08003786        0x2 
 .text.Reset_Handler
                0x08003788       0x50 CMakeFiles/TinnyLogger.dir/Src/startup_stm32l432xx.S.obj
                0x08003788                Reset_Handler
 .text.Default_Handler
                0x080037d8        0x2 CMakeFiles/TinnyLogger.dir/Src/startup_stm32l432xx.S.obj
                0x080037d8                EXTI2_IRQHandler
                0x080037d8                DebugMon_Handler
                0x080037d8                DMA1_CH4_IRQHandler
                0x080037d8                TIM1_CC_IRQHandler
                0x080037d8                TSC_IRQHandler
                0x080037d8                HardFault_Handler
                0x080037d8                PendSV_Handler
                0x080037d8                NMI_Handler
                0x080037d8                EXTI3_IRQHandler
                0x080037d8                LPTIM2_IRQHandler
                0x080037d8                DFSDM1_FLT1_IRQHandler
                0x080037d8                USB_FS_IRQHandler
                0x080037d8                I2C3_ER_IRQHandler
                0x080037d8                DFSDM1_FLT2_IRQHandler
                0x080037d8                TIM6_DACUNDER_IRQHandler
                0x080037d8                EXTI0_IRQHandler
                0x080037d8                I2C2_EV_IRQHandler
                0x080037d8                DMA2_CH1_IRQHandler
                0x080037d8                CAN1_RX0_IRQHandler
                0x080037d8                TIM1_UP_TIM16_IRQHandler
                0x080037d8                DMA2_CH7_IRQHandler
                0x080037d8                UsageFault_Handler
                0x080037d8                SPI1_IRQHandler
                0x080037d8                DMA1_CH7_IRQHandler
                0x080037d8                RTC_ALARM_IRQHandler
                0x080037d8                ADC1_IRQHandler
                0x080037d8                DFSDM1_FLT3_IRQHandler
                0x080037d8                DMA1_CH6_IRQHandler
                0x080037d8                USART3_IRQHandler
                0x080037d8                CAN1_RX1_IRQHandler
                0x080037d8                LCD_IRQHandler
                0x080037d8                ADC3_IRQHandler
                0x080037d8                QUADSPI_IRQHandler
                0x080037d8                I2C1_EV_IRQHandler
                0x080037d8                DMA2_CH5_IRQHandler
                0x080037d8                UART4_IRQHandler
                0x080037d8                DMA1_CH3_IRQHandler
                0x080037d8                TIM3_IRQHandler
                0x080037d8                RCC_IRQHandler
                0x080037d8                TIM1_TRG_COM_IRQHandler
                0x080037d8                Default_Handler
                0x080037d8                EXTI15_10_IRQHandler
                0x080037d8                TIM7_IRQHandler
                0x080037d8                SDMMC1_IRQHandler
                0x080037d8                I2C3_EV_IRQHandler
                0x080037d8                EXTI9_5_IRQHandler
                0x080037d8                DMA1_CH2_IRQHandler
                0x080037d8                RTC_WKUP_IRQHandler
                0x080037d8                PVD_PVM_IRQHandler
                0x080037d8                SPI2_IRQHandler
                0x080037d8                DMA1_CH1_IRQHandler
                0x080037d8                MemManage_Handler
                0x080037d8                CAN1_TX_IRQHandler
                0x080037d8                SVC_Handler
                0x080037d8                CRS_IRQHandler
                0x080037d8                EXTI4_IRQHandler
                0x080037d8                RNG_IRQHandler
                0x080037d8                COMP_IRQHandler
                0x080037d8                WWDG_IRQHandler
                0x080037d8                I2C4_EV_IRQHandler
                0x080037d8                LPUART1_IRQHandler
                0x080037d8                TIM2_IRQHandler
                0x080037d8                EXTI1_IRQHandler
                0x080037d8                AES_IRQHandler
                0x080037d8                USART2_IRQHandler
                0x080037d8                DFSDM1_FLT0_IRQHandler
                0x080037d8                I2C2_ER_IRQHandler
                0x080037d8                CAN1_SCE_IRQHandler
                0x080037d8                FLASH_IRQHandler
                0x080037d8                BusFault_Handler
                0x080037d8                USART1_IRQHandler
                0x080037d8                SPI3_IRQHandler
                0x080037d8                DMA2_CH6_IRQHandler
                0x080037d8                DMA2_CH3_IRQHandler
                0x080037d8                DMA2_CH2_IRQHandler
                0x080037d8                I2C1_ER_IRQHandler
                0x080037d8                DMA1_CH5_IRQHandler
                0x080037d8                DMA2_CH4_IRQHandler
                0x080037d8                SWPMI1_IRQHandler
                0x080037d8                LPTIM1_IRQHandler
                0x080037d8                I2C4_ER_IRQHandler
                0x080037d8                RTC_TAMP_STAMP_IRQHandler
                0x080037d8                SAI1_IRQHandler
                0x080037d8                TIM1_BRK_TIM15_IRQHandler
 *fill*         0x080037da        0x2 
 .text.snprintf
                0x080037dc       0x90 /home/yocozuna/snap/code/241/.local/share/stm32cube/bundles/gnu-tools-for-stm32/14.3.1+st.2/bin/../lib/gcc/arm-none-eabi/14.3.1/../../../../arm-none-eabi/lib/thumb/v7e-m+fp/hard/libg.a(libc_a-snprintf.o)
                0x080037dc                snprintf
 *fill*         0x0800386c        0x4 
 .text._svfprintf_r
                0x08003870     0x2074 /home/yocozuna/snap/code/241/.local/share/stm32cube/bundles/gnu-tools-for-stm32/14.3.1+st.2/bin/../lib/gcc/arm-none-eabi/14.3.1/../../../../arm-none-eabi/lib/thumb/v7e-m+fp/hard/libg.a(libc_a-svfprintf.o)
                0x08003870                _svfprintf_r
 .text.__ssprint_r
                0x080058e4       0x58 /home/yocozuna/snap/code/241/.local/share/stm32cube/bundles/gnu-tools-for-stm32/14.3.1+st.2/bin/../lib/gcc/arm-none-eabi/14.3.1/../../../../arm-none-eabi/lib/thumb/v7e-m+fp/hard/libg.a(libc_a-ssprint_r.o)
                0x080058e4                __ssprint_r
 .text.strncpy  0x0800593c       0x68 /home/yocozuna/snap/code/241/.local/share/stm32cube/bundles/gnu-tools-for-stm32/14.3.1+st.2/bin/../lib/gcc/arm-none-eabi/14.3.1/../../../../arm-none-eabi/lib/thumb/v7e-m+fp/hard/libg.a(libc_a-strncpy.o)
                0x0800593c                strncpy
 .text._localeconv_r
                0x080059a4        0x8 /home/yocozuna/snap/code/241/.local/share/stm32cube/bundles/gnu-tools-for-stm32/14.3.1+st.2/bin/../lib/gcc/arm-none-eabi/14.3.1/../../../../arm-none-eabi/lib/thumb/v7e-m+fp/hard/libg.a(libc_a-localeconv.o)
                0x080059a4                _localeconv_r
 .text.frexp    0x080059ac       0x64 /home/yocozuna/snap/code/241/.local/share/stm32cube/bundles/gnu-tools-for-stm32/14.3.1+st.2/bin/../lib/gcc/arm-none-eabi/14.3.1/../../../../arm-none-eabi/lib/thumb/v7e-m+fp/hard/libg.a(libm_a-s_frexp.o)
                0x080059ac                frexp
 .text.quorem   0x08005a10      0x12c /home/yocozuna/snap/code/241/.local/share/stm32cube/bundles/gnu-tools-for-stm32/14.3.1+st.2/bin/../lib/gcc/arm-none-eabi/14.3.1/../../../../arm-none-eabi/lib/thumb/v7e-m+fp/hard/libg.a(libc_a-dtoa.o)
 *fill*         0x08005b3c        0x4 
 .text._dtoa_r  0x08005b40     0x1030 /home/yocozuna/snap/code/241/.local/share/stm32cube/bundles/gnu-tools-for-stm32/14.3.1+st.2/bin/../lib/gcc/arm-none-eabi/14.3.1/../../../../arm-none-eabi/lib/thumb/v7e-m+fp/hard/libg.a(libc_a-dtoa.o)
                0x08005b40                _dtoa_r
 .text._Balloc  0x08006b70       0x4c /home/yocozuna/snap/code/241/.local/share/stm32cube/bundles/gnu-tools-for-stm32/14.3.1+st.2/bin/../lib/gcc/arm-none-eabi/14.3.1/../../../../arm-none-eabi/lib/thumb/v7e-m+fp/hard/libg.a(libc_a-mprec.o)
                0x08006b70                _Balloc
 .text._Bfree   0x08006bbc       0x14 /home/yocozuna/snap/code/241/.local/share/stm32cube/bundles/gnu-tools-for-stm32/14.3.1+st.2/bin/../lib/gcc/arm-none-eabi/14.3.1/../../../../arm-none-eabi/lib/thumb/v7e-m+fp/hard/libg.a(libc_a-mprec.o)
                0x08006bbc                _Bfree
 .text.__multadd
                0x08006bd0       0xa0 /home/yocozuna/snap/code/241/.local/share/stm32cube/bundles/gnu-tools-for-stm32/14.3.1+st.2/bin/../lib/gcc/arm-none-eabi/14.3.1/../../../../arm-none-eabi/lib/thumb/v7e-m+fp/hard/libg.a(libc_a-mprec.o)
                0x08006bd0                __multadd
 .text.__hi0bits
                0x08006c70       0x54 /home/yocozuna/snap/code/241/.local/share/stm32cube/bundles/gnu-tools-for-stm32/14.3.1+st.2/bin/../lib/gcc/arm-none-eabi/14.3.1/../../../../arm-none-eabi/lib/thumb/v7e-m+fp/hard/libg.a(libc_a-mprec.o)
                0x08006c70                __hi0bits
 .text.__lo0bits
                0x08006cc4       0x80 /home/yocozuna/snap/code/241/.local/share/stm32cube/bundles/gnu-tools-for-stm32/14.3.1+st.2/bin/../lib/gcc/arm-none-eabi/14.3.1/../../../../arm-none-eabi/lib/thumb/v7e-m+fp/hard/libg.a(libc_a-mprec.o)
                0x08006cc4                __lo0bits
 .text.__i2b    0x08006d44       0x5c /home/yocozuna/snap/code/241/.local/share/stm32cube/bundles/gnu-tools-for-stm32/14.3.1+st.2/bin/../lib/gcc/arm-none-eabi/14.3.1/../../../../arm-none-eabi/lib/thumb/v7e-m+fp/hard/libg.a(libc_a-mprec.o)
                0x08006d44                __i2b
 .text.__multiply
                0x08006da0      0x16c /home/yocozuna/snap/code/241/.local/share/stm32cube/bundles/gnu-tools-for-stm32/14.3.1+st.2/bin/../lib/gcc/arm-none-eabi/14.3.1/../../../../arm-none-eabi/lib/thumb/v7e-m+fp/hard/libg.a(libc_a-mprec.o)
                0x08006da0                __multiply
 .text.__pow5mult
                0x08006f0c       0xc0 /home/yocozuna/snap/code/241/.local/share/stm32cube/bundles/gnu-tools-for-stm32/14.3.1+st.2/bin/../lib/gcc/arm-none-eabi/14.3.1/../../../../arm-none-eabi/lib/thumb/v7e-m+fp/hard/libg.a(libc_a-mprec.o)
                0x08006f0c                __pow5mult
 .text.__lshift
                0x08006fcc       0xe8 /home/yocozuna/snap/code/241/.local/share/stm32cube/bundles/gnu-tools-for-stm32/14.3.1+st.2/bin/../lib/gcc/arm-none-eabi/14.3.1/../../../../arm-none-eabi/lib/thumb/v7e-m+fp/hard/libg.a(libc_a-mprec.o)
                0x08006fcc                __lshift
 .text.__mcmp   0x080070b4       0x44 /home/yocozuna/snap/code/241/.local/share/stm32cube/bundles/gnu-tools-for-stm32/14.3.1+st.2/bin/../lib/gcc/arm-none-eabi/14.3.1/../../../../arm-none-eabi/lib/thumb/v7e-m+fp/hard/libg.a(libc_a-mprec.o)
                0x080070b4                __mcmp
 .text.__mdiff  0x080070f8      0x174 /home/yocozuna/snap/code/241/.local/share/stm32cube/bundles/gnu-tools-for-stm32/14.3.1+st.2/bin/../lib/gcc/arm-none-eabi/14.3.1/../../../../arm-none-eabi/lib/thumb/v7e-m+fp/hard/libg.a(libc_a-mprec.o)
                0x080070f8                __mdiff
 .text.__d2b    0x0800726c       0xbc /home/yocozuna/snap/code/241/.local/share/stm32cube/bundles/gnu-tools-for-stm32/14.3.1+st.2/bin/../lib/gcc/arm-none-eabi/14.3.1/../../../../arm-none-eabi/lib/thumb/v7e-m+fp/hard/libg.a(libc_a-mprec.o)
                0x0800726c                __d2b
 .text.__ssputs_r
                0x08007328       0xc0 /home/yocozuna/snap/code/241/.local/share/stm32cube/bundles/gnu-tools-for-stm32/14.3.1+st.2/bin/../lib/gcc/arm-none-eabi/14.3.1/../../../../arm-none-eabi/lib/thumb/v7e-m+fp/hard/libg.a(libc_a-ssputs_r.o)
                0x08007328                __ssputs_r
 .text.memmove  0x080073e8      0x130 /home/yocozuna/snap/code/241/.local/share/stm32cube/bundles/gnu-tools-for-stm32/14.3.1+st.2/bin/../lib/gcc/arm-none-eabi/14.3.1/../../../../arm-none-eabi/lib/thumb/v7e-m+fp/hard/libg.a(libc_a-memmove.o)
                0x080073e8                memmove
 .text.__assert_func
                0x08007518       0x40 /home/yocozuna/snap/code/241/.local/share/stm32cube/bundles/gnu-tools-for-stm32/14.3.1+st.2/bin/../lib/gcc/arm-none-eabi/14.3.1/../../../../arm-none-eabi/lib/thumb/v7e-m+fp/hard/libg.a(libc_a-assert.o)
                0x08007518                __assert_func
 .text._calloc_r
                0x08007558       0x6c /home/yocozuna/snap/code/241/.local/share/stm32cube/bundles/gnu-tools-for-stm32/14.3.1+st.2/bin/../lib/gcc/arm-none-eabi/14.3.1/../../../../arm-none-eabi/lib/thumb/v7e-m+fp/hard/libg.a(libc_a-callocr.o)
                0x08007558                _calloc_r
 .text.__ascii_mbtowc
                0x080075c4       0x2c /home/yocozuna/snap/code/241/.local/share/stm32cube/bundles/gnu-tools-for-stm32/14.3.1+st.2/bin/../lib/gcc/arm-none-eabi/14.3.1/../../../../arm-none-eabi/lib/thumb/v7e-m+fp/hard/libg.a(libc_a-mbtowc_r.o)
                0x080075c4                __ascii_mbtowc
 .text._realloc_r
                0x080075f0      0x348 /home/yocozuna/snap/code/241/.local/share/stm32cube/bundles/gnu-tools-for-stm32/14.3.1+st.2/bin/../lib/gcc/arm-none-eabi/14.3.1/../../../../arm-none-eabi/lib/thumb/v7e-m+fp/hard/libg.a(libc_a-reallocr.o)
                0x080075f0                _realloc_r
 .text.__ascii_wctomb
                0x08007938       0x1c /home/yocozuna/snap/code/241/.local/share/stm32cube/bundles/gnu-tools-for-stm32/14.3.1+st.2/bin/../lib/gcc/arm-none-eabi/14.3.1/../../../../arm-none-eabi/lib/thumb/v7e-m+fp/hard/libg.a(libc_a-wctomb_r.o)
                0x08007938                __ascii_wctomb
 .text.fiprintf
                0x08007954       0x28 /home/yocozuna/snap/code/241/.local/share/stm32cube/bundles/gnu-tools-for-stm32/14.3.1+st.2/bin/../lib/gcc/arm-none-eabi/14.3.1/../../../../arm-none-eabi/lib/thumb/v7e-m+fp/hard/libg.a(libc_a-fiprintf.o)
                0x08007954                fiprintf
 .text._vfiprintf_r
                0x0800797c      0xff4 /home/yocozuna/snap/code/241/.local/share/stm32cube/bundles/gnu-tools-for-stm32/14.3.1+st.2/bin/../lib/gcc/arm-none-eabi/14.3.1/../../../../arm-none-eabi/lib/thumb/v7e-m+fp/hard/libg.a(libc_a-vfiprintf.o)
                0x0800797c                _vfiprintf_r
 .text.__sbprintf
                0x08008970       0x84 /home/yocozuna/snap/code/241/.local/share/stm32cube/bundles/gnu-tools-for-stm32/14.3.1+st.2/bin/../lib/gcc/arm-none-eabi/14.3.1/../../../../arm-none-eabi/lib/thumb/v7e-m+fp/hard/libg.a(libc_a-vfiprintf.o)
 .text.__sprint_r
                0x080089f4       0x20 /home/yocozuna/snap/code/241/.local/share/stm32cube/bundles/gnu-tools-for-stm32/14.3.1+st.2/bin/../lib/gcc/arm-none-eabi/14.3.1/../../../../arm-none-eabi/lib/thumb/v7e-m+fp/hard/libg.a(libc_a-sprint_r.o)
                0x080089f4                __sprint_r
 .text.__sfvwrite_r
                0x08008a14      0x2ec /home/yocozuna/snap/code/241/.local/share/stm32cube/bundles/gnu-tools-for-stm32/14.3.1+st.2/bin/../lib/gcc/arm-none-eabi/14.3.1/../../../../arm-none-eabi/lib/thumb/v7e-m+fp/hard/libg.a(libc_a-fvwrite.o)
                0x08008a14                __sfvwrite_r
 .text.__swsetup_r
                0x08008d00       0xfc /home/yocozuna/snap/code/241/.local/share/stm32cube/bundles/gnu-tools-for-stm32/14.3.1+st.2/bin/../lib/gcc/arm-none-eabi/14.3.1/../../../../arm-none-eabi/lib/thumb/v7e-m+fp/hard/libg.a(libc_a-wsetup.o)
                0x08008d00                __swsetup_r
 .text.abort    0x08008dfc       0x10 /home/yocozuna/snap/code/241/.local/share/stm32cube/bundles/gnu-tools-for-stm32/14.3.1+st.2/bin/../lib/gcc/arm-none-eabi/14.3.1/../../../../arm-none-eabi/lib/thumb/v7e-m+fp/hard/libg.a(libc_a-abort.o)
                0x08008dfc                abort
 .text.__smakebuf_r
                0x08008e0c       0xd0 /home/yocozuna/snap/code/241/.local/share/stm32cube/bundles/gnu-tools-for-stm32/14.3.1+st.2/bin/../lib/gcc/arm-none-eabi/14.3.1/../../../../arm-none-eabi/lib/thumb/v7e-m+fp/hard/libg.a(libc_a-makebuf.o)
                0x08008e0c                __smakebuf_r
 .text.raise    0x08008edc       0x58 /home/yocozuna/snap/code/241/.local/share/stm32cube/bundles/gnu-tools-for-stm32/14.3.1+st.2/bin/../lib/gcc/arm-none-eabi/14.3.1/../../../../arm-none-eabi/lib/thumb/v7e-m+fp/hard/libg.a(libc_a-signal.o)
                0x08008edc                raise
 .text._fstat_r
                0x08008f34       0x2c /home/yocozuna/snap/code/241/.local/share/stm32cube/bundles/gnu-tools-for-stm32/14.3.1+st.2/bin/../lib/gcc/arm-none-eabi/14.3.1/../../../../arm-none-eabi/lib/thumb/v7e-m+fp/hard/libg.a(libc_a-fstatr.o)
                0x08008f34                _fstat_r
 .text._isatty_r
                0x08008f60       0x24 /home/yocozuna/snap/code/241/.local/share/stm32cube/bundles/gnu-tools-for-stm32/14.3.1+st.2/bin/../lib/gcc/arm-none-eabi/14.3.1/../../../../arm-none-eabi/lib/thumb/v7e-m+fp/hard/libg.a(libc_a-isattyr.o)
                0x08008f60                _isatty_r
 .text._kill_r  0x08008f84       0x2c /home/yocozuna/snap/code/241/.local/share/stm32cube/bundles/gnu-tools-for-stm32/14.3.1+st.2/bin/../lib/gcc/arm-none-eabi/14.3.1/../../../../arm-none-eabi/lib/thumb/v7e-m+fp/hard/libg.a(libc_a-signalr.o)
                0x08008f84                _kill_r
 .text._getpid_r
                0x08008fb0        0x4 /home/yocozuna/snap/code/241/.local/share/stm32cube/bundles/gnu-tools-for-stm32/14.3.1+st.2/bin/../lib/gcc/arm-none-eabi/14.3.1/../../../../arm-none-eabi/lib/thumb/v7e-m+fp/hard/libg.a(libc_a-signalr.o)
                0x08008fb0                _getpid_r
 *(.glue_7)
 .glue_7        0x08008fb4        0x0 linker stubs
 *(.glue_7t)
 .glue_7t       0x08008fb4        0x0 linker stubs
 *(.eh_frame)
 .eh_frame      0x08008fb4        0x0 /home/yocozuna/snap/code/241/.local/share/stm32cube/bundles/gnu-tools-for-stm32/14.3.1+st.2/bin/../lib/gcc/arm-none-eabi/14.3.1/thumb/v7e-m+fp/hard/crtbegin.o
 *(.init)
 .init          0x08008fb4        0x4 /home/yocozuna/snap/code/241/.local/share/stm32cube/bundles/gnu-tools-for-stm32/14.3.1+st.2/bin/../lib/gcc/arm-none-eabi/14.3.1/thumb/v7e-m+fp/hard/crti.o
                0x08008fb4                _init
 .init          0x08008fb8        0x8 /home/yocozuna/snap/code/241/.local/share/stm32cube/bundles/gnu-tools-for-stm32/14.3.1+st.2/bin/../lib/gcc/arm-none-eabi/14.3.1/thumb/v7e-m+fp/hard/crtn.o
 *(.fini)
 .fini          0x08008fc0        0x4 /home/yocozuna/snap/code/241/.local/share/stm32cube/bundles/gnu-tools-for-stm32/14.3.1+st.2/bin/../lib/gcc/arm-none-eabi/14.3.1/thumb/v7e-m+fp/hard/crti.o
                0x08008fc0                _fini
 .fini          0x08008fc4        0x8 /home/yocozuna/snap/code/241/.local/share/stm32cube/bundles/gnu-tools-for-stm32/14.3.1+st.2/bin/../lib/gcc/arm-none-eabi/14.3.1/thumb/v7e-m+fp/hard/crtn.o
                0x08008fcc                        . = ALIGN (0x4)
                0x08008fcc                        _etext = .

.vfp11_veneer   0x08008fcc        0x0
 .vfp11_veneer  0x08008fcc        0x0 linker stubs

.v4_bx          0x08008fcc        0x0
 .v4_bx         0x08008fcc        0x0 linker stubs

.iplt           0x08008fcc        0x0
 .iplt          0x08008fcc        0x0 /home/yocozuna/snap/code/241/.local/share/stm32cube/bundles/gnu-tools-for-stm32/14.3.1+st.2/bin/../lib/gcc/arm-none-eabi/14.3.1/thumb/v7e-m+fp/hard/crtbegin.o

.rodata         0x08008fd0      0x444
                0x08008fd0                        . = ALIGN (0x4)
 *(.rodata)
 .rodata        0x08008fd0       0x44 CMakeFiles/TinnyLogger.dir/Src/main.c.obj
 .rodata        0x08009014        0x7 CMakeFiles/TinnyLogger.dir/Sensors/AHT20/Src/AHT20.c.obj
 *(.rodata*)
 *fill*         0x0800901b        0x1 
 .rodata.AHBPrescTable
                0x0800901c       0x10 CMakeFiles/TinnyLogger.dir/Src/system_stm32l4xx.c.obj
                0x0800901c                AHBPrescTable
 .rodata.APBPrescTable
                0x0800902c        0x8 CMakeFiles/TinnyLogger.dir/Src/system_stm32l4xx.c.obj
                0x0800902c                APBPrescTable
 .rodata.MSIRangeTable
                0x08009034       0x30 CMakeFiles/TinnyLogger.dir/Src/system_stm32l4xx.c.obj
                0x08009034                MSIRangeTable
 .rodata._svfprintf_r.str1.4
                0x08009064      0x16b /home/yocozuna/snap/code/241/.local/share/stm32cube/bundles/gnu-tools-for-stm32/14.3.1+st.2/bin/../lib/gcc/arm-none-eabi/14.3.1/../../../../arm-none-eabi/lib/thumb/v7e-m+fp/hard/libg.a(libc_a-svfprintf.o)
                                 0x42 (size before relaxing)
 *fill*         0x080091cf        0x1 
 .rodata.zeroes.0
                0x080091d0       0x10 /home/yocozuna/snap/code/241/.local/share/stm32cube/bundles/gnu-tools-for-stm32/14.3.1+st.2/bin/../lib/gcc/arm-none-eabi/14.3.1/../../../../arm-none-eabi/lib/thumb/v7e-m+fp/hard/libg.a(libc_a-svfprintf.o)
 .rodata.blanks.1
                0x080091e0       0x10 /home/yocozuna/snap/code/241/.local/share/stm32cube/bundles/gnu-tools-for-stm32/14.3.1+st.2/bin/../lib/gcc/arm-none-eabi/14.3.1/../../../../arm-none-eabi/lib/thumb/v7e-m+fp/hard/libg.a(libc_a-svfprintf.o)
 .rodata._dtoa_r.str1.4
                0x080091f0       0x80 /home/yocozuna/snap/code/241/.local/share/stm32cube/bundles/gnu-tools-for-stm32/14.3.1+st.2/bin/../lib/gcc/arm-none-eabi/14.3.1/../../../../arm-none-eabi/lib/thumb/v7e-m+fp/hard/libg.a(libc_a-dtoa.o)
 .rodata.__multadd.str1.4
                0x080091f0       0x6d /home/yocozuna/snap/code/241/.local/share/stm32cube/bundles/gnu-tools-for-stm32/14.3.1+st.2/bin/../lib/gcc/arm-none-eabi/14.3.1/../../../../arm-none-eabi/lib/thumb/v7e-m+fp/hard/libg.a(libc_a-mprec.o)
 .rodata.p05.0  0x080091f0        0xc /home/yocozuna/snap/code/241/.local/share/stm32cube/bundles/gnu-tools-for-stm32/14.3.1+st.2/bin/../lib/gcc/arm-none-eabi/14.3.1/../../../../arm-none-eabi/lib/thumb/v7e-m+fp/hard/libg.a(libc_a-mprec.o)
 *fill*         0x080091fc        0x4 
 .rodata.__mprec_bigtens
                0x08009200       0x28 /home/yocozuna/snap/code/241/.local/share/stm32cube/bundles/gnu-tools-for-stm32/14.3.1+st.2/bin/../lib/gcc/arm-none-eabi/14.3.1/../../../../arm-none-eabi/lib/thumb/v7e-m+fp/hard/libg.a(libc_a-mprec.o)
                0x08009200                __mprec_bigtens
 .rodata.__mprec_tens
                0x08009228       0xc8 /home/yocozuna/snap/code/241/.local/share/stm32cube/bundles/gnu-tools-for-stm32/14.3.1+st.2/bin/../lib/gcc/arm-none-eabi/14.3.1/../../../../arm-none-eabi/lib/thumb/v7e-m+fp/hard/libg.a(libc_a-mprec.o)
                0x08009228                __mprec_tens
 .rodata._setlocale_r.str1.4
                0x080092f0        0xd /home/yocozuna/snap/code/241/.local/share/stm32cube/bundles/gnu-tools-for-stm32/14.3.1+st.2/bin/../lib/gcc/arm-none-eabi/14.3.1/../../../../arm-none-eabi/lib/thumb/v7e-m+fp/hard/libg.a(libc_a-locale.o)
 .rodata.str1.4
                0x080092f0        0x2 /home/yocozuna/snap/code/241/.local/share/stm32cube/bundles/gnu-tools-for-stm32/14.3.1+st.2/bin/../lib/gcc/arm-none-eabi/14.3.1/../../../../arm-none-eabi/lib/thumb/v7e-m+fp/hard/libg.a(libc_a-locale.o)
 .rodata.__assert_func.str1.4
                0x080092f0       0x43 /home/yocozuna/snap/code/241/.local/share/stm32cube/bundles/gnu-tools-for-stm32/14.3.1+st.2/bin/../lib/gcc/arm-none-eabi/14.3.1/../../../../arm-none-eabi/lib/thumb/v7e-m+fp/hard/libg.a(libc_a-assert.o)
 .rodata._ctype_
                0x080092f0      0x101 /home/yocozuna/snap/code/241/.local/share/stm32cube/bundles/gnu-tools-for-stm32/14.3.1+st.2/bin/../lib/gcc/arm-none-eabi/14.3.1/../../../../arm-none-eabi/lib/thumb/v7e-m+fp/hard/libg.a(libc_a-ctype_.o)
                0x080092f0                _ctype_
 .rodata._vfiprintf_r.str1.4
                0x080093f1       0x2f /home/yocozuna/snap/code/241/.local/share/stm32cube/bundles/gnu-tools-for-stm32/14.3.1+st.2/bin/../lib/gcc/arm-none-eabi/14.3.1/../../../../arm-none-eabi/lib/thumb/v7e-m+fp/hard/libg.a(libc_a-vfiprintf.o)
 *fill*         0x080093f1        0x3 
 .rodata.zeroes.0
                0x080093f4       0x10 /home/yocozuna/snap/code/241/.local/share/stm32cube/bundles/gnu-tools-for-stm32/14.3.1+st.2/bin/../lib/gcc/arm-none-eabi/14.3.1/../../../../arm-none-eabi/lib/thumb/v7e-m+fp/hard/libg.a(libc_a-vfiprintf.o)
 .rodata.blanks.1
                0x08009404       0x10 /home/yocozuna/snap/code/241/.local/share/stm32cube/bundles/gnu-tools-for-stm32/14.3.1+st.2/bin/../lib/gcc/arm-none-eabi/14.3.1/../../../../arm-none-eabi/lib/thumb/v7e-m+fp/hard/libg.a(libc_a-vfiprintf.o)
                0x08009414                        . = ALIGN (0x4)

.ARM.extab      0x08009414        0x0
                0x08009414                        . = ALIGN (0x4)
 *(.ARM.extab* .gnu.linkonce.armextab.*)
                0x08009414                        . = ALIGN (0x4)

.ARM            0x08009414        0x8
                0x08009414                        . = ALIGN (0x4)
                0x08009414                        __exidx_start = .
 *(.ARM.exidx*)
 .ARM.exidx     0x08009414        0x8 /home/yocozuna/snap/code/241/.local/share/stm32cube/bundles/gnu-tools-for-stm32/14.3.1+st.2/bin/../lib/gcc/arm-none-eabi/14.3.1/../../../../arm-none-eabi/lib/thumb/v7e-m+fp/hard/libg.a(libc_a-memcpy.o)
 .ARM.exidx     0x0800941c        0x0 /home/yocozuna/snap/code/241/.local/share/stm32cube/bundles/gnu-tools-for-stm32/14.3.1+st.2/bin/../lib/gcc/arm-none-eabi/14.3.1/../../../../arm-none-eabi/lib/thumb/v7e-m+fp/hard/libg.a(libc_a-strlen.o)
                                  0x8 (size before relaxing)
 .ARM.exidx     0x0800941c        0x0 /home/yocozuna/snap/code/241/.local/share/stm32cube/bundles/gnu-tools-for-stm32/14.3.1+st.2/bin/../lib/gcc/arm-none-eabi/14.3.1/../../../../arm-none-eabi/lib/thumb/v7e-m+fp/hard/libg.a(libc_a-memchr.o)
                                  0x8 (size before relaxing)
                0x0800941c                        __exidx_end = .
                0x0800941c                        . = ALIGN (0x4)

.preinit_array  0x0800941c        0x0
                0x0800941c                        . = ALIGN (0x4)
                0x0800941c                        PROVIDE (__preinit_array_start = .)
 *(.preinit_array*)
                0x0800941c                        PROVIDE (__preinit_array_end = .)
                0x0800941c                        . = ALIGN (0x4)

.init_array     0x0800941c        0x8
                0x0800941c                        . = ALIGN (0x4)
                0x0800941c                        PROVIDE (__init_array_start = .)
 *(SORT_BY_NAME(.init_array.*))
 .init_array.00000
                0x0800941c        0x4 /home/yocozuna/snap/code/241/.local/share/stm32cube/bundles/gnu-tools-for-stm32/14.3.1+st.2/bin/../lib/gcc/arm-none-eabi/14.3.1/../../../../arm-none-eabi/lib/thumb/v7e-m+fp/hard/libc.a(libc_a-__call_atexit.o)
 *(.init_array*)
 .init_array    0x08009420        0x4 /home/yocozuna/snap/code/241/.local/share/stm32cube/bundles/gnu-tools-for-stm32/14.3.1+st.2/bin/../lib/gcc/arm-none-eabi/14.3.1/thumb/v7e-m+fp/hard/crtbegin.o
                0x08009424                        PROVIDE (__init_array_end = .)
                0x08009424                        . = ALIGN (0x4)

.fini_array     0x08009424        0x4
                0x08009424                        . = ALIGN (0x4)
                0x08009424                        PROVIDE (__fini_array_start = .)
 *(SORT_BY_NAME(.fini_array.*))
 *(.fini_array*)
 .fini_array    0x08009424        0x4 /home/yocozuna/snap/code/241/.local/share/stm32cube/bundles/gnu-tools-for-stm32/14.3.1+st.2/bin/../lib/gcc/arm-none-eabi/14.3.1/thumb/v7e-m+fp/hard/crtbegin.o
                0x08009428                        PROVIDE (__fini_array_end = .)
                0x08009428                        . = ALIGN (0x4)
                0x08009428                        _sidata = LOADADDR (.data)

.rel.dyn        0x08009428        0x0
 .rel.iplt      0x08009428        0x0 /home/yocozuna/snap/code/241/.local/share/stm32cube/bundles/gnu-tools-for-stm32/14.3.1+st.2/bin/../lib/gcc/arm-none-eabi/14.3.1/thumb/v7e-m+fp/hard/crtbegin.o

.data           0x20000000      0x6b4 load address 0x08009428
                0x20000000                        _sdata = .
 *(.data)
 *(.data*)
 .data.__sglue  0x20000000        0xc /home/yocozuna/snap/code/241/.local/share/stm32cube/bundles/gnu-tools-for-stm32/14.3.1+st.2/bin/../lib/gcc/arm-none-eabi/14.3.1/../../../../arm-none-eabi/lib/thumb/v7e-m+fp/hard/libc.a(libc_a-findfp.o)
                0x20000000                __sglue
 .data._impure_ptr
                0x2000000c        0x4 /home/yocozuna/snap/code/241/.local/share/stm32cube/bundles/gnu-tools-for-stm32/14.3.1+st.2/bin/../lib/gcc/arm-none-eabi/14.3.1/../../../../arm-none-eabi/lib/thumb/v7e-m+fp/hard/libc.a(libc_a-impure.o)
                0x2000000c                _impure_ptr
 .data._impure_data
                0x20000010      0x120 /home/yocozuna/snap/code/241/.local/share/stm32cube/bundles/gnu-tools-for-stm32/14.3.1+st.2/bin/../lib/gcc/arm-none-eabi/14.3.1/../../../../arm-none-eabi/lib/thumb/v7e-m+fp/hard/libc.a(libc_a-impure.o)
                0x20000010                _impure_data
 .data.__atexit_recursive_mutex
                0x20000130        0x4 /home/yocozuna/snap/code/241/.local/share/stm32cube/bundles/gnu-tools-for-stm32/14.3.1+st.2/bin/../lib/gcc/arm-none-eabi/14.3.1/../../../../arm-none-eabi/lib/thumb/v7e-m+fp/hard/libc.a(libc_a-__call_atexit.o)
                0x20000130                __atexit_recursive_mutex
 .data.__malloc_sbrk_base
                0x20000134        0x4 /home/yocozuna/snap/code/241/.local/share/stm32cube/bundles/gnu-tools-for-stm32/14.3.1+st.2/bin/../lib/gcc/arm-none-eabi/14.3.1/../../../../arm-none-eabi/lib/thumb/v7e-m+fp/hard/libc.a(libc_a-mallocr.o)
                0x20000134                __malloc_sbrk_base
 .data.__malloc_trim_threshold
                0x20000138        0x4 /home/yocozuna/snap/code/241/.local/share/stm32cube/bundles/gnu-tools-for-stm32/14.3.1+st.2/bin/../lib/gcc/arm-none-eabi/14.3.1/../../../../arm-none-eabi/lib/thumb/v7e-m+fp/hard/libc.a(libc_a-mallocr.o)
                0x20000138                __malloc_trim_threshold
 *fill*         0x2000013c        0x4 
 .data.__malloc_av_
                0x20000140      0x408 /home/yocozuna/snap/code/241/.local/share/stm32cube/bundles/gnu-tools-for-stm32/14.3.1+st.2/bin/../lib/gcc/arm-none-eabi/14.3.1/../../../../arm-none-eabi/lib/thumb/v7e-m+fp/hard/libc.a(libc_a-mallocr.o)
                0x20000140                __malloc_av_
 .data.__global_locale
                0x20000548      0x16c /home/yocozuna/snap/code/241/.local/share/stm32cube/bundles/gnu-tools-for-stm32/14.3.1+st.2/bin/../lib/gcc/arm-none-eabi/14.3.1/../../../../arm-none-eabi/lib/thumb/v7e-m+fp/hard/libg.a(libc_a-locale.o)
                0x20000548                __global_locale
 *(.RamFunc)
 *(.RamFunc*)
                0x200006b4                        . = ALIGN (0x4)

.igot.plt       0x200006b4        0x0 load address 0x08009adc
 .igot.plt      0x200006b4        0x0 /home/yocozuna/snap/code/241/.local/share/stm32cube/bundles/gnu-tools-for-stm32/14.3.1+st.2/bin/../lib/gcc/arm-none-eabi/14.3.1/thumb/v7e-m+fp/hard/crtbegin.o

.tdata          0x200006b4        0x0 load address 0x08009adc
 *(.tdata .tdata.* .gnu.linkonce.td.*)
                0x200006b4                        . = ALIGN (0x4)
                0x200006b4                        _edata = .
                [!provide]                        PROVIDE (__data_end = .)
                [!provide]                        PROVIDE (__tdata_end = .)
                [!provide]                        PROVIDE (__tdata_start = ADDR (.tdata))
                [!provide]                        PROVIDE (__tdata_size = (__tdata_end - __tdata_start))
                [!provide]                        PROVIDE (__data_start = ADDR (.data))
                [!provide]                        PROVIDE (__data_size = (__data_end - __data_start))
                [!provide]                        PROVIDE (__tdata_source = LOADADDR (.tdata))
                [!provide]                        PROVIDE (__tdata_source_end = (LOADADDR (.tdata) + SIZEOF (.tdata)))
                [!provide]                        PROVIDE (__tdata_source_size = (__tdata_source_end - __tdata_source))
                [!provide]                        PROVIDE (__data_source = LOADADDR (.data))
                [!provide]                        PROVIDE (__data_source_end = __tdata_source_end)
                [!provide]                        PROVIDE (__data_source_size = (__data_source_end - __data_source))

.tbss           0x200006b4        0x0 load address 0x08009adc
                0x200006b4                        _sbss = .
                0x200006b4                        __bss_start__ = _sbss
                [!provide]                        PROVIDE (__bss_start = .)
 *(.tbss .tbss.*)
                0x200006b4                        . = ALIGN (0x4)
                [!provide]                        PROVIDE (__tbss_end = .)
                [!provide]                        PROVIDE (__tbss_start = ADDR (.tbss))
                [!provide]                        PROVIDE (__tbss_size = (__tbss_end - __tbss_start))
                [!provide]                        PROVIDE (__tbss_offset = (ADDR (.tbss) - ADDR (.tdata)))
                [!provide]                        PROVIDE (__tls_base = __tdata_start)
                [!provide]                        PROVIDE (__tls_end = __tbss_end)
                [!provide]                        PROVIDE (__tls_size = (__tls_end - __tls_base))
                [!provide]                        PROVIDE (__tls_align = MAX (ALIGNOF (.tdata), ALIGNOF (.tbss)))
                [!provide]                        PROVIDE (__tls_size_align = (((__tls_size + __tls_align) - 0x1) & ~ ((__tls_align - 0x1))))
                [!provide]                        PROVIDE (__arm32_tls_tcb_offset = MAX (0x8, __tls_align))
                [!provide]                        PROVIDE (__arm64_tls_tcb_offset = MAX (0x10, __tls_align))

.bss            0x200006b4      0x338 load address 0x08009adc
 *(.bss)
 .bss           0x200006b4       0x1c /home/yocozuna/snap/code/241/.local/share/stm32cube/bundles/gnu-tools-for-stm32/14.3.1+st.2/bin/../lib/gcc/arm-none-eabi/14.3.1/thumb/v7e-m+fp/hard/crtbegin.o
 *(.bss*)
 .bss.__sf      0x200006d0      0x138 /home/yocozuna/snap/code/241/.local/share/stm32cube/bundles/gnu-tools-for-stm32/14.3.1+st.2/bin/../lib/gcc/arm-none-eabi/14.3.1/../../../../arm-none-eabi/lib/thumb/v7e-m+fp/hard/libc.a(libc_a-findfp.o)
                0x200006d0                __sf
 .bss.__stdio_exit_handler
                0x20000808        0x4 /home/yocozuna/snap/code/241/.local/share/stm32cube/bundles/gnu-tools-for-stm32/14.3.1+st.2/bin/../lib/gcc/arm-none-eabi/14.3.1/../../../../arm-none-eabi/lib/thumb/v7e-m+fp/hard/libc.a(libc_a-findfp.o)
                0x20000808                __stdio_exit_handler
 .bss.errno     0x2000080c        0x4 /home/yocozuna/snap/code/241/.local/share/stm32cube/bundles/gnu-tools-for-stm32/14.3.1+st.2/bin/../lib/gcc/arm-none-eabi/14.3.1/../../../../arm-none-eabi/lib/thumb/v7e-m+fp/hard/libc.a(libc_a-reent.o)
                0x2000080c                errno
 .bss.__lock___malloc_recursive_mutex
                0x20000810        0x1 /home/yocozuna/snap/code/241/.local/share/stm32cube/bundles/gnu-tools-for-stm32/14.3.1+st.2/bin/../lib/gcc/arm-none-eabi/14.3.1/../../../../arm-none-eabi/lib/thumb/v7e-m+fp/hard/libc.a(libc_a-lock.o)
                0x20000810                __lock___malloc_recursive_mutex
 *fill*         0x20000811        0x3 
 .bss.__lock___atexit_recursive_mutex
                0x20000814        0x1 /home/yocozuna/snap/code/241/.local/share/stm32cube/bundles/gnu-tools-for-stm32/14.3.1+st.2/bin/../lib/gcc/arm-none-eabi/14.3.1/../../../../arm-none-eabi/lib/thumb/v7e-m+fp/hard/libc.a(libc_a-lock.o)
                0x20000814                __lock___atexit_recursive_mutex
 *fill*         0x20000815        0x3 
 .bss.__lock___sfp_recursive_mutex
                0x20000818        0x1 /home/yocozuna/snap/code/241/.local/share/stm32cube/bundles/gnu-tools-for-stm32/14.3.1+st.2/bin/../lib/gcc/arm-none-eabi/14.3.1/../../../../arm-none-eabi/lib/thumb/v7e-m+fp/hard/libc.a(libc_a-lock.o)
                0x20000818                __lock___sfp_recursive_mutex
 *fill*         0x20000819        0x3 
 .bss.__atexit  0x2000081c        0x4 /home/yocozuna/snap/code/241/.local/share/stm32cube/bundles/gnu-tools-for-stm32/14.3.1+st.2/bin/../lib/gcc/arm-none-eabi/14.3.1/../../../../arm-none-eabi/lib/thumb/v7e-m+fp/hard/libc.a(libc_a-__call_atexit.o)
                0x2000081c                __atexit
 .bss.__malloc_current_mallinfo
                0x20000820       0x28 /home/yocozuna/snap/code/241/.local/share/stm32cube/bundles/gnu-tools-for-stm32/14.3.1+st.2/bin/../lib/gcc/arm-none-eabi/14.3.1/../../../../arm-none-eabi/lib/thumb/v7e-m+fp/hard/libc.a(libc_a-mallocr.o)
                0x20000820                __malloc_current_mallinfo
 .bss.__malloc_max_total_mem
                0x20000848        0x4 /home/yocozuna/snap/code/241/.local/share/stm32cube/bundles/gnu-tools-for-stm32/14.3.1+st.2/bin/../lib/gcc/arm-none-eabi/14.3.1/../../../../arm-none-eabi/lib/thumb/v7e-m+fp/hard/libc.a(libc_a-mallocr.o)
                0x20000848                __malloc_max_total_mem
 .bss.__malloc_max_sbrked_mem
                0x2000084c        0x4 /home/yocozuna/snap/code/241/.local/share/stm32cube/bundles/gnu-tools-for-stm32/14.3.1+st.2/bin/../lib/gcc/arm-none-eabi/14.3.1/../../../../arm-none-eabi/lib/thumb/v7e-m+fp/hard/libc.a(libc_a-mallocr.o)
                0x2000084c                __malloc_max_sbrked_mem
 .bss.__malloc_top_pad
                0x20000850        0x4 /home/yocozuna/snap/code/241/.local/share/stm32cube/bundles/gnu-tools-for-stm32/14.3.1+st.2/bin/../lib/gcc/arm-none-eabi/14.3.1/../../../../arm-none-eabi/lib/thumb/v7e-m+fp/hard/libc.a(libc_a-mallocr.o)
                0x20000850                __malloc_top_pad
 .bss.__atexit0
                0x20000854      0x190 /home/yocozuna/snap/code/241/.local/share/stm32cube/bundles/gnu-tools-for-stm32/14.3.1+st.2/bin/../lib/gcc/arm-none-eabi/14.3.1/../../../../arm-none-eabi/lib/thumb/v7e-m+fp/hard/libc.a(libc_a-__atexit.o)
                0x20000854                __atexit0
 .bss.mTick     0x200009e4        0x4 CMakeFiles/TinnyLogger.dir/platform/Src/time.c.obj
                0x200009e4                mTick
 .bss.__sbrk_heap_end
                0x200009e8        0x4 CMakeFiles/TinnyLogger.dir/Src/sysmem.c.obj
 *(COMMON)
                0x200009ec                        . = ALIGN (0x4)
                0x200009ec                        _ebss = .
                0x200009ec                        __bss_end__ = _ebss
                [!provide]                        PROVIDE (__bss_end = .)
                [!provide]                        PROVIDE (__bss_size = (__bss_end - __bss_start))
                [!provide]                        PROVIDE (__non_tls_bss_start = ADDR (.bss))
                0x08009adc                        _sisram2 = LOADADDR (.sram2)

.sram2          0x10000000        0x0 load address 0x08009adc
                0x10000000                        . = ALIGN (0x4)
                0x10000000                        _ssram2 = .
 *(.sram2)
 *(.sram2*)
                0x10000000                        . = ALIGN (0x4)
                0x10000000                        _esram2 = .

._user_heap_stack
                0x200009ec      0x604
                0x200009f0                        . = ALIGN (0x8)
 *fill*         0x200009ec        0x4 
                [!provide]                        PROVIDE (end = .)
                0x200009f0                        PROVIDE (_end = .)
                0x20000bf0                        . = (. + _Min_Heap_Size)
 *fill*         0x200009f0      0x200 
                0x20000ff0                        . = (. + _Min_Stack_Size)
 *fill*         0x20000bf0      0x400 
                0x20000ff0                        . = ALIGN (0x8)

/DISCARD/
 libc.a:*(*)
 libm.a:*(*)
 libgcc.a:*(*)

.ARM.attributes
                0x00000000       0x30
 *(.ARM.attributes)
 .ARM.attributes
                0x00000000       0x22 /home/yocozuna/snap/code/241/.local/share/stm32cube/bundles/gnu-tools-for-stm32/14.3.1+st.2/bin/../lib/gcc/arm-none-eabi/14.3.1/thumb/v7e-m+fp/hard/crti.o
 .ARM.attributes
                0x00000022       0x34 /home/yocozuna/snap/code/241/.local/share/stm32cube/bundles/gnu-tools-for-stm32/14.3.1+st.2/bin/../lib/gcc/arm-none-eabi/14.3.1/thumb/v7e-m+fp/hard/crtbegin.o
 .ARM.attributes
                0x00000056       0x34 /home/yocozuna/snap/code/241/.local/share/stm32cube/bundles/gnu-tools-for-stm32/14.3.1+st.2/bin/../lib/gcc/arm-none-eabi/14.3.1/../../../../arm-none-eabi/lib/thumb/v7e-m+fp/hard/libc.a(libc_a-findfp.o)
 .ARM.attributes
                0x0000008a       0x34 /home/yocozuna/snap/code/241/.local/share/stm32cube/bundles/gnu-tools-for-stm32/14.3.1+st.2/bin/../lib/gcc/arm-none-eabi/14.3.1/../../../../arm-none-eabi/lib/thumb/v7e-m+fp/hard/libc.a(libc_a-fwalk.o)
 .ARM.attributes
                0x000000be       0x34 /home/yocozuna/snap/code/241/.local/share/stm32cube/bundles/gnu-tools-for-stm32/14.3.1+st.2/bin/../lib/gcc/arm-none-eabi/14.3.1/../../../../arm-none-eabi/lib/thumb/v7e-m+fp/hard/libc.a(libc_a-stdio.o)
 .ARM.attributes
                0x000000f2       0x34 /home/yocozuna/snap/code/241/.local/share/stm32cube/bundles/gnu-tools-for-stm32/14.3.1+st.2/bin/../lib/gcc/arm-none-eabi/14.3.1/../../../../arm-none-eabi/lib/thumb/v7e-m+fp/hard/libc.a(libc_a-memset.o)
 .ARM.attributes
                0x00000126       0x34 /home/yocozuna/snap/code/241/.local/share/stm32cube/bundles/gnu-tools-for-stm32/14.3.1+st.2/bin/../lib/gcc/arm-none-eabi/14.3.1/../../../../arm-none-eabi/lib/thumb/v7e-m+fp/hard/libc.a(libc_a-closer.o)
 .ARM.attributes
                0x0000015a       0x34 /home/yocozuna/snap/code/241/.local/share/stm32cube/bundles/gnu-tools-for-stm32/14.3.1+st.2/bin/../lib/gcc/arm-none-eabi/14.3.1/../../../../arm-none-eabi/lib/thumb/v7e-m+fp/hard/libc.a(libc_a-reent.o)
 .ARM.attributes
                0x0000018e       0x34 /home/yocozuna/snap/code/241/.local/share/stm32cube/bundles/gnu-tools-for-stm32/14.3.1+st.2/bin/../lib/gcc/arm-none-eabi/14.3.1/../../../../arm-none-eabi/lib/thumb/v7e-m+fp/hard/libc.a(libc_a-impure.o)
 .ARM.attributes
                0x000001c2       0x34 /home/yocozuna/snap/code/241/.local/share/stm32cube/bundles/gnu-tools-for-stm32/14.3.1+st.2/bin/../lib/gcc/arm-none-eabi/14.3.1/../../../../arm-none-eabi/lib/thumb/v7e-m+fp/hard/libc.a(libc_a-lseekr.o)
 .ARM.attributes
                0x000001f6       0x34 /home/yocozuna/snap/code/241/.local/share/stm32cube/bundles/gnu-tools-for-stm32/14.3.1+st.2/bin/../lib/gcc/arm-none-eabi/14.3.1/../../../../arm-none-eabi/lib/thumb/v7e-m+fp/hard/libc.a(libc_a-readr.o)
 .ARM.attributes
                0x0000022a       0x34 /home/yocozuna/snap/code/241/.local/share/stm32cube/bundles/gnu-tools-for-stm32/14.3.1+st.2/bin/../lib/gcc/arm-none-eabi/14.3.1/../../../../arm-none-eabi/lib/thumb/v7e-m+fp/hard/libc.a(libc_a-writer.o)
 .ARM.attributes
                0x0000025e       0x34 /home/yocozuna/snap/code/241/.local/share/stm32cube/bundles/gnu-tools-for-stm32/14.3.1+st.2/bin/../lib/gcc/arm-none-eabi/14.3.1/../../../../arm-none-eabi/lib/thumb/v7e-m+fp/hard/libc.a(libc_a-init.o)
 .ARM.attributes
                0x00000292       0x34 /home/yocozuna/snap/code/241/.local/share/stm32cube/bundles/gnu-tools-for-stm32/14.3.1+st.2/bin/../lib/gcc/arm-none-eabi/14.3.1/../../../../arm-none-eabi/lib/thumb/v7e-m+fp/hard/libc.a(libc_a-lock.o)
 .ARM.attributes
                0x000002c6       0x34 /home/yocozuna/snap/code/241/.local/share/stm32cube/bundles/gnu-tools-for-stm32/14.3.1+st.2/bin/../lib/gcc/arm-none-eabi/14.3.1/../../../../arm-none-eabi/lib/thumb/v7e-m+fp/hard/libc.a(libc_a-__call_atexit.o)
 .ARM.attributes
                0x000002fa       0x34 /home/yocozuna/snap/code/241/.local/share/stm32cube/bundles/gnu-tools-for-stm32/14.3.1+st.2/bin/../lib/gcc/arm-none-eabi/14.3.1/../../../../arm-none-eabi/lib/thumb/v7e-m+fp/hard/libc.a(libc_a-atexit.o)
 .ARM.attributes
                0x0000032e       0x34 /home/yocozuna/snap/code/241/.local/share/stm32cube/bundles/gnu-tools-for-stm32/14.3.1+st.2/bin/../lib/gcc/arm-none-eabi/14.3.1/../../../../arm-none-eabi/lib/thumb/v7e-m+fp/hard/libc.a(libc_a-freer.o)
 .ARM.attributes
                0x00000362       0x34 /home/yocozuna/snap/code/241/.local/share/stm32cube/bundles/gnu-tools-for-stm32/14.3.1+st.2/bin/../lib/gcc/arm-none-eabi/14.3.1/../../../../arm-none-eabi/lib/thumb/v7e-m+fp/hard/libc.a(libc_a-mallocr.o)
 .ARM.attributes
                0x00000396       0x34 /home/yocozuna/snap/code/241/.local/share/stm32cube/bundles/gnu-tools-for-stm32/14.3.1+st.2/bin/../lib/gcc/arm-none-eabi/14.3.1/../../../../arm-none-eabi/lib/thumb/v7e-m+fp/hard/libc.a(libc_a-mlock.o)
 .ARM.attributes
                0x000003ca       0x34 /home/yocozuna/snap/code/241/.local/share/stm32cube/bundles/gnu-tools-for-stm32/14.3.1+st.2/bin/../lib/gcc/arm-none-eabi/14.3.1/../../../../arm-none-eabi/lib/thumb/v7e-m+fp/hard/libc.a(libc_a-fclose.o)
 .ARM.attributes
                0x000003fe       0x34 /home/yocozuna/snap/code/241/.local/share/stm32cube/bundles/gnu-tools-for-stm32/14.3.1+st.2/bin/../lib/gcc/arm-none-eabi/14.3.1/../../../../arm-none-eabi/lib/thumb/v7e-m+fp/hard/libc.a(libc_a-fflush.o)
 .ARM.attributes
                0x00000432       0x34 /home/yocozuna/snap/code/241/.local/share/stm32cube/bundles/gnu-tools-for-stm32/14.3.1+st.2/bin/../lib/gcc/arm-none-eabi/14.3.1/../../../../arm-none-eabi/lib/thumb/v7e-m+fp/hard/libc.a(libc_a-sbrkr.o)
 .ARM.attributes
                0x00000466       0x34 /home/yocozuna/snap/code/241/.local/share/stm32cube/bundles/gnu-tools-for-stm32/14.3.1+st.2/bin/../lib/gcc/arm-none-eabi/14.3.1/../../../../arm-none-eabi/lib/thumb/v7e-m+fp/hard/libc.a(libc_a-fini.o)
 .ARM.attributes
                0x0000049a       0x34 /home/yocozuna/snap/code/241/.local/share/stm32cube/bundles/gnu-tools-for-stm32/14.3.1+st.2/bin/../lib/gcc/arm-none-eabi/14.3.1/../../../../arm-none-eabi/lib/thumb/v7e-m+fp/hard/libc.a(libc_a-sysconf.o)
 .ARM.attributes
                0x000004ce       0x34 /home/yocozuna/snap/code/241/.local/share/stm32cube/bundles/gnu-tools-for-stm32/14.3.1+st.2/bin/../lib/gcc/arm-none-eabi/14.3.1/../../../../arm-none-eabi/lib/thumb/v7e-m+fp/hard/libc.a(libc_a-__atexit.o)
 .ARM.attributes
                0x00000502       0x34 /home/yocozuna/snap/code/241/.local/share/stm32cube/bundles/gnu-tools-for-stm32/14.3.1+st.2/bin/../lib/gcc/arm-none-eabi/14.3.1/../../../../arm-none-eabi/lib/thumb/v7e-m+fp/hard/libc.a(libc_a-errno.o)
 .ARM.attributes
                0x00000536       0x34 CMakeFiles/TinnyLogger.dir/Drivers/STM32L4xx_HAL/Src/stm32l4xx_ll_gpio.c.obj
 .ARM.attributes
                0x0000056a       0x34 CMakeFiles/TinnyLogger.dir/Drivers/STM32L4xx_HAL/Src/stm32l4xx_ll_i2c.c.obj
 .ARM.attributes
                0x0000059e       0x34 CMakeFiles/TinnyLogger.dir/Drivers/STM32L4xx_HAL/Src/stm32l4xx_ll_rcc.c.obj
 .ARM.attributes
                0x000005d2       0x34 CMakeFiles/TinnyLogger.dir/Drivers/STM32L4xx_HAL/Src/stm32l4xx_ll_spi.c.obj
 .ARM.attributes
                0x00000606       0x34 CMakeFiles/TinnyLogger.dir/Drivers/STM32L4xx_HAL/Src/stm32l4xx_ll_usart.c.obj
 .ARM.attributes
                0x0000063a       0x34 CMakeFiles/TinnyLogger.dir/Drivers/STM32L4xx_HAL/Src/stm32l4xx_ll_utils.c.obj
 .ARM.attributes
                0x0000066e       0x34 CMakeFiles/TinnyLogger.dir/platform/Src/i2c.c.obj
 .ARM.attributes
                0x000006a2       0x34 CMakeFiles/TinnyLogger.dir/platform/Src/spi.c.obj
 .ARM.attributes
                0x000006d6       0x34 CMakeFiles/TinnyLogger.dir/platform/Src/time.c.obj
 .ARM.attributes
                0x0000070a       0x34 CMakeFiles/TinnyLogger.dir/platform/Src/uart.c.obj
 .ARM.attributes
                0x0000073e       0x34 CMakeFiles/TinnyLogger.dir/Src/main.c.obj
 .ARM.attributes
                0x00000772       0x34 CMakeFiles/TinnyLogger.dir/Src/stm32l4xx_it.c.obj
 .ARM.attributes
                0x000007a6       0x34 CMakeFiles/TinnyLogger.dir/Src/sysmem.c.obj
 .ARM.attributes
                0x000007da       0x34 CMakeFiles/TinnyLogger.dir/Src/system_stm32l4xx.c.obj
 .ARM.attributes
                0x0000080e       0x34 CMakeFiles/TinnyLogger.dir/Sensors/AHT20/Src/AHT20.c.obj
 .ARM.attributes
                0x00000842       0x34 CMakeFiles/TinnyLogger.dir/Sensors/AHT20/Src/itf_AHT20.c.obj
 .ARM.attributes
                0x00000876       0x34 CMakeFiles/TinnyLogger.dir/Src/syscall.c.obj
 .ARM.attributes
                0x000008aa       0x21 CMakeFiles/TinnyLogger.dir/Src/startup_stm32l432xx.S.obj
 .ARM.attributes
                0x000008cb       0x22 /home/yocozuna/snap/code/241/.local/share/stm32cube/bundles/gnu-tools-for-stm32/14.3.1+st.2/bin/../lib/gcc/arm-none-eabi/14.3.1/thumb/v7e-m+fp/hard/libgcc.a(_arm_addsubdf3.o)
 .ARM.attributes
                0x000008ed       0x34 /home/yocozuna/snap/code/241/.local/share/stm32cube/bundles/gnu-tools-for-stm32/14.3.1+st.2/bin/../lib/gcc/arm-none-eabi/14.3.1/../../../../arm-none-eabi/lib/thumb/v7e-m+fp/hard/libg.a(libc_a-snprintf.o)
 .ARM.attributes
                0x00000921       0x20 /home/yocozuna/snap/code/241/.local/share/stm32cube/bundles/gnu-tools-for-stm32/14.3.1+st.2/bin/../lib/gcc/arm-none-eabi/14.3.1/../../../../arm-none-eabi/lib/thumb/v7e-m+fp/hard/libg.a(libc_a-memcpy.o)
 .ARM.attributes
                0x00000941       0x1c /home/yocozuna/snap/code/241/.local/share/stm32cube/bundles/gnu-tools-for-stm32/14.3.1+st.2/bin/../lib/gcc/arm-none-eabi/14.3.1/../../../../arm-none-eabi/lib/thumb/v7e-m+fp/hard/libg.a(libc_a-strlen.o)
 .ARM.attributes
                0x0000095d       0x34 /home/yocozuna/snap/code/241/.local/share/stm32cube/bundles/gnu-tools-for-stm32/14.3.1+st.2/bin/../lib/gcc/arm-none-eabi/14.3.1/../../../../arm-none-eabi/lib/thumb/v7e-m+fp/hard/libg.a(libc_a-svfprintf.o)
 .ARM.attributes
                0x00000991       0x34 /home/yocozuna/snap/code/241/.local/share/stm32cube/bundles/gnu-tools-for-stm32/14.3.1+st.2/bin/../lib/gcc/arm-none-eabi/14.3.1/../../../../arm-none-eabi/lib/thumb/v7e-m+fp/hard/libg.a(libc_a-ssprint_r.o)
 .ARM.attributes
                0x000009c5       0x34 /home/yocozuna/snap/code/241/.local/share/stm32cube/bundles/gnu-tools-for-stm32/14.3.1+st.2/bin/../lib/gcc/arm-none-eabi/14.3.1/../../../../arm-none-eabi/lib/thumb/v7e-m+fp/hard/libg.a(libc_a-strncpy.o)
 .ARM.attributes
                0x000009f9       0x34 /home/yocozuna/snap/code/241/.local/share/stm32cube/bundles/gnu-tools-for-stm32/14.3.1+st.2/bin/../lib/gcc/arm-none-eabi/14.3.1/../../../../arm-none-eabi/lib/thumb/v7e-m+fp/hard/libg.a(libc_a-localeconv.o)
 .ARM.attributes
                0x00000a2d       0x1c /home/yocozuna/snap/code/241/.local/share/stm32cube/bundles/gnu-tools-for-stm32/14.3.1+st.2/bin/../lib/gcc/arm-none-eabi/14.3.1/../../../../arm-none-eabi/lib/thumb/v7e-m+fp/hard/libg.a(libc_a-memchr.o)
 .ARM.attributes
                0x00000a49       0x34 /home/yocozuna/snap/code/241/.local/share/stm32cube/bundles/gnu-tools-for-stm32/14.3.1+st.2/bin/../lib/gcc/arm-none-eabi/14.3.1/../../../../arm-none-eabi/lib/thumb/v7e-m+fp/hard/libg.a(libm_a-s_frexp.o)
 .ARM.attributes
                0x00000a7d       0x34 /home/yocozuna/snap/code/241/.local/share/stm32cube/bundles/gnu-tools-for-stm32/14.3.1+st.2/bin/../lib/gcc/arm-none-eabi/14.3.1/../../../../arm-none-eabi/lib/thumb/v7e-m+fp/hard/libg.a(libc_a-dtoa.o)
 .ARM.attributes
                0x00000ab1       0x34 /home/yocozuna/snap/code/241/.local/share/stm32cube/bundles/gnu-tools-for-stm32/14.3.1+st.2/bin/../lib/gcc/arm-none-eabi/14.3.1/../../../../arm-none-eabi/lib/thumb/v7e-m+fp/hard/libg.a(libc_a-mprec.o)
 .ARM.attributes
                0x00000ae5       0x34 /home/yocozuna/snap/code/241/.local/share/stm32cube/bundles/gnu-tools-for-stm32/14.3.1+st.2/bin/../lib/gcc/arm-none-eabi/14.3.1/../../../../arm-none-eabi/lib/thumb/v7e-m+fp/hard/libg.a(libc_a-ssputs_r.o)
 .ARM.attributes
                0x00000b19       0x34 /home/yocozuna/snap/code/241/.local/share/stm32cube/bundles/gnu-tools-for-stm32/14.3.1+st.2/bin/../lib/gcc/arm-none-eabi/14.3.1/../../../../arm-none-eabi/lib/thumb/v7e-m+fp/hard/libg.a(libc_a-memmove.o)
 .ARM.attributes
                0x00000b4d       0x34 /home/yocozuna/snap/code/241/.local/share/stm32cube/bundles/gnu-tools-for-stm32/14.3.1+st.2/bin/../lib/gcc/arm-none-eabi/14.3.1/../../../../arm-none-eabi/lib/thumb/v7e-m+fp/hard/libg.a(libc_a-locale.o)
 .ARM.attributes
                0x00000b81       0x34 /home/yocozuna/snap/code/241/.local/share/stm32cube/bundles/gnu-tools-for-stm32/14.3.1+st.2/bin/../lib/gcc/arm-none-eabi/14.3.1/../../../../arm-none-eabi/lib/thumb/v7e-m+fp/hard/libg.a(libc_a-assert.o)
 .ARM.attributes
                0x00000bb5       0x34 /home/yocozuna/snap/code/241/.local/share/stm32cube/bundles/gnu-tools-for-stm32/14.3.1+st.2/bin/../lib/gcc/arm-none-eabi/14.3.1/../../../../arm-none-eabi/lib/thumb/v7e-m+fp/hard/libg.a(libc_a-callocr.o)
 .ARM.attributes
                0x00000be9       0x34 /home/yocozuna/snap/code/241/.local/share/stm32cube/bundles/gnu-tools-for-stm32/14.3.1+st.2/bin/../lib/gcc/arm-none-eabi/14.3.1/../../../../arm-none-eabi/lib/thumb/v7e-m+fp/hard/libg.a(libc_a-mbtowc_r.o)
 .ARM.attributes
                0x00000c1d       0x34 /home/yocozuna/snap/code/241/.local/share/stm32cube/bundles/gnu-tools-for-stm32/14.3.1+st.2/bin/../lib/gcc/arm-none-eabi/14.3.1/../../../../arm-none-eabi/lib/thumb/v7e-m+fp/hard/libg.a(libc_a-reallocr.o)
 .ARM.attributes
                0x00000c51       0x34 /home/yocozuna/snap/code/241/.local/share/stm32cube/bundles/gnu-tools-for-stm32/14.3.1+st.2/bin/../lib/gcc/arm-none-eabi/14.3.1/../../../../arm-none-eabi/lib/thumb/v7e-m+fp/hard/libg.a(libc_a-wctomb_r.o)
 .ARM.attributes
                0x00000c85       0x34 /home/yocozuna/snap/code/241/.local/share/stm32cube/bundles/gnu-tools-for-stm32/14.3.1+st.2/bin/../lib/gcc/arm-none-eabi/14.3.1/../../../../arm-none-eabi/lib/thumb/v7e-m+fp/hard/libg.a(libc_a-ctype_.o)
 .ARM.attributes
                0x00000cb9       0x34 /home/yocozuna/snap/code/241/.local/share/stm32cube/bundles/gnu-tools-for-stm32/14.3.1+st.2/bin/../lib/gcc/arm-none-eabi/14.3.1/../../../../arm-none-eabi/lib/thumb/v7e-m+fp/hard/libg.a(libc_a-fiprintf.o)
 .ARM.attributes
                0x00000ced       0x34 /home/yocozuna/snap/code/241/.local/share/stm32cube/bundles/gnu-tools-for-stm32/14.3.1+st.2/bin/../lib/gcc/arm-none-eabi/14.3.1/../../../../arm-none-eabi/lib/thumb/v7e-m+fp/hard/libg.a(libc_a-vfiprintf.o)
 .ARM.attributes
                0x00000d21       0x34 /home/yocozuna/snap/code/241/.local/share/stm32cube/bundles/gnu-tools-for-stm32/14.3.1+st.2/bin/../lib/gcc/arm-none-eabi/14.3.1/../../../../arm-none-eabi/lib/thumb/v7e-m+fp/hard/libg.a(libc_a-sprint_r.o)
 .ARM.attributes
                0x00000d55       0x34 /home/yocozuna/snap/code/241/.local/share/stm32cube/bundles/gnu-tools-for-stm32/14.3.1+st.2/bin/../lib/gcc/arm-none-eabi/14.3.1/../../../../arm-none-eabi/lib/thumb/v7e-m+fp/hard/libg.a(libc_a-fvwrite.o)
 .ARM.attributes
                0x00000d89       0x34 /home/yocozuna/snap/code/241/.local/share/stm32cube/bundles/gnu-tools-for-stm32/14.3.1+st.2/bin/../lib/gcc/arm-none-eabi/14.3.1/../../../../arm-none-eabi/lib/thumb/v7e-m+fp/hard/libg.a(libc_a-wsetup.o)
 .ARM.attributes
                0x00000dbd       0x34 /home/yocozuna/snap/code/241/.local/share/stm32cube/bundles/gnu-tools-for-stm32/14.3.1+st.2/bin/../lib/gcc/arm-none-eabi/14.3.1/../../../../arm-none-eabi/lib/thumb/v7e-m+fp/hard/libg.a(libc_a-abort.o)
 .ARM.attributes
                0x00000df1       0x34 /home/yocozuna/snap/code/241/.local/share/stm32cube/bundles/gnu-tools-for-stm32/14.3.1+st.2/bin/../lib/gcc/arm-none-eabi/14.3.1/../../../../arm-none-eabi/lib/thumb/v7e-m+fp/hard/libg.a(libc_a-makebuf.o)
 .ARM.attributes
                0x00000e25       0x34 /home/yocozuna/snap/code/241/.local/share/stm32cube/bundles/gnu-tools-for-stm32/14.3.1+st.2/bin/../lib/gcc/arm-none-eabi/14.3.1/../../../../arm-none-eabi/lib/thumb/v7e-m+fp/hard/libg.a(libc_a-signal.o)
 .ARM.attributes
                0x00000e59       0x34 /home/yocozuna/snap/code/241/.local/share/stm32cube/bundles/gnu-tools-for-stm32/14.3.1+st.2/bin/../lib/gcc/arm-none-eabi/14.3.1/../../../../arm-none-eabi/lib/thumb/v7e-m+fp/hard/libg.a(libc_a-fstatr.o)
 .ARM.attributes
                0x00000e8d       0x34 /home/yocozuna/snap/code/241/.local/share/stm32cube/bundles/gnu-tools-for-stm32/14.3.1+st.2/bin/../lib/gcc/arm-none-eabi/14.3.1/../../../../arm-none-eabi/lib/thumb/v7e-m+fp/hard/libg.a(libc_a-isattyr.o)
 .ARM.attributes
                0x00000ec1       0x34 /home/yocozuna/snap/code/241/.local/share/stm32cube/bundles/gnu-tools-for-stm32/14.3.1+st.2/bin/../lib/gcc/arm-none-eabi/14.3.1/../../../../arm-none-eabi/lib/thumb/v7e-m+fp/hard/libg.a(libc_a-signalr.o)
 .ARM.attributes
                0x00000ef5       0x22 /home/yocozuna/snap/code/241/.local/share/stm32cube/bundles/gnu-tools-for-stm32/14.3.1+st.2/bin/../lib/gcc/arm-none-eabi/14.3.1/thumb/v7e-m+fp/hard/libgcc.a(_arm_muldivdf3.o)
 .ARM.attributes
                0x00000f17       0x22 /home/yocozuna/snap/code/241/.local/share/stm32cube/bundles/gnu-tools-for-stm32/14.3.1+st.2/bin/../lib/gcc/arm-none-eabi/14.3.1/thumb/v7e-m+fp/hard/libgcc.a(_arm_cmpdf2.o)
 .ARM.attributes
                0x00000f39       0x22 /home/yocozuna/snap/code/241/.local/share/stm32cube/bundles/gnu-tools-for-stm32/14.3.1+st.2/bin/../lib/gcc/arm-none-eabi/14.3.1/thumb/v7e-m+fp/hard/libgcc.a(_arm_unorddf2.o)
 .ARM.attributes
                0x00000f5b       0x22 /home/yocozuna/snap/code/241/.local/share/stm32cube/bundles/gnu-tools-for-stm32/14.3.1+st.2/bin/../lib/gcc/arm-none-eabi/14.3.1/thumb/v7e-m+fp/hard/libgcc.a(_arm_fixdfsi.o)
 .ARM.attributes
                0x00000f7d       0x22 /home/yocozuna/snap/code/241/.local/share/stm32cube/bundles/gnu-tools-for-stm32/14.3.1+st.2/bin/../lib/gcc/arm-none-eabi/14.3.1/thumb/v7e-m+fp/hard/crtn.o
OUTPUT(TinnyLogger.elf elf32-littlearm)
LOAD linker stubs

.debug_frame    0x00000000     0x3624