/home/yocozuna/Desktop/Test/TinnyLogger/Firmware/Drivers/STM32L4xx_HAL/Inc/stm32l4xx_ll_bus.h:563:22:LL_AHB2_GRP1_EnableClock	1
/home/yocozuna/Desktop/Test/TinnyLogger/Firmware/Drivers/STM32L4xx_HAL/Inc/stm32l4xx_ll_gpio.h:496:22:LL_GPIO_SetPinPull	1
/home/yocozuna/Desktop/Test/TinnyLogger/Firmware/platform/Inc/platform.h:27:20:P_init_SD_SPI	1
/home/yocozuna/Desktop/Test/TinnyLogger/Firmware/platform/Inc/platform.h:61:20:P_init_time_base	1
/home/yocozuna/Desktop/Test/TinnyLogger/Firmware/platform/Inc/platform.h:64:20:P_init_FPU	1
/home/yocozuna/Desktop/Test/TinnyLogger/Firmware/platform/Inc/platform.h:72:20:P_init_I2CX	1
/home/yocozuna/Desktop/Test/TinnyLogger/Firmware/platform/Inc/platform.h:96:20:P_init_UART	1
/home/yocozuna/Desktop/Test/TinnyLogger/Firmware/Src/main.c:31:5:main	2
